Archive member included to satisfy reference by file (symbol)

C:/ST/STM32CubeIDE_1.18.1/STM32CubeIDE/plugins/com.st.stm32cube.ide.mcu.externaltools.gnu-tools-for-stm32.13.3.rel1.win32_1.0.0.202411081344/tools/bin/../lib/gcc/arm-none-eabi/13.3.1/../../../../arm-none-eabi/lib/thumb/v7-m/nofp\libc_nano.a(libc_a-calloc.o)
                              ./CANopenNode/CANopen.o (calloc)
C:/ST/STM32CubeIDE_1.18.1/STM32CubeIDE/plugins/com.st.stm32cube.ide.mcu.externaltools.gnu-tools-for-stm32.13.3.rel1.win32_1.0.0.202411081344/tools/bin/../lib/gcc/arm-none-eabi/13.3.1/../../../../arm-none-eabi/lib/thumb/v7-m/nofp\libc_nano.a(libc_a-callocr.o)
                              C:/ST/STM32CubeIDE_1.18.1/STM32CubeIDE/plugins/com.st.stm32cube.ide.mcu.externaltools.gnu-tools-for-stm32.13.3.rel1.win32_1.0.0.202411081344/tools/bin/../lib/gcc/arm-none-eabi/13.3.1/../../../../arm-none-eabi/lib/thumb/v7-m/nofp\libc_nano.a(libc_a-calloc.o) (_calloc_r)
C:/ST/STM32CubeIDE_1.18.1/STM32CubeIDE/plugins/com.st.stm32cube.ide.mcu.externaltools.gnu-tools-for-stm32.13.3.rel1.win32_1.0.0.202411081344/tools/bin/../lib/gcc/arm-none-eabi/13.3.1/../../../../arm-none-eabi/lib/thumb/v7-m/nofp\libc_nano.a(libc_a-exit.o)
                              C:/ST/STM32CubeIDE_1.18.1/STM32CubeIDE/plugins/com.st.stm32cube.ide.mcu.externaltools.gnu-tools-for-stm32.13.3.rel1.win32_1.0.0.202411081344/tools/bin/../lib/gcc/arm-none-eabi/13.3.1/../../../../arm-none-eabi/lib/thumb/v7-m/nofp/crt0.o (exit)
C:/ST/STM32CubeIDE_1.18.1/STM32CubeIDE/plugins/com.st.stm32cube.ide.mcu.externaltools.gnu-tools-for-stm32.13.3.rel1.win32_1.0.0.202411081344/tools/bin/../lib/gcc/arm-none-eabi/13.3.1/../../../../arm-none-eabi/lib/thumb/v7-m/nofp\libc_nano.a(libc_a-malloc.o)
                              ./CANopenNode/CANopen.o (free)
C:/ST/STM32CubeIDE_1.18.1/STM32CubeIDE/plugins/com.st.stm32cube.ide.mcu.externaltools.gnu-tools-for-stm32.13.3.rel1.win32_1.0.0.202411081344/tools/bin/../lib/gcc/arm-none-eabi/13.3.1/../../../../arm-none-eabi/lib/thumb/v7-m/nofp\libc_nano.a(libc_a-mallocr.o)
                              C:/ST/STM32CubeIDE_1.18.1/STM32CubeIDE/plugins/com.st.stm32cube.ide.mcu.externaltools.gnu-tools-for-stm32.13.3.rel1.win32_1.0.0.202411081344/tools/bin/../lib/gcc/arm-none-eabi/13.3.1/../../../../arm-none-eabi/lib/thumb/v7-m/nofp\libc_nano.a(libc_a-callocr.o) (_malloc_r)
C:/ST/STM32CubeIDE_1.18.1/STM32CubeIDE/plugins/com.st.stm32cube.ide.mcu.externaltools.gnu-tools-for-stm32.13.3.rel1.win32_1.0.0.202411081344/tools/bin/../lib/gcc/arm-none-eabi/13.3.1/../../../../arm-none-eabi/lib/thumb/v7-m/nofp\libc_nano.a(libc_a-mlock.o)
                              C:/ST/STM32CubeIDE_1.18.1/STM32CubeIDE/plugins/com.st.stm32cube.ide.mcu.externaltools.gnu-tools-for-stm32.13.3.rel1.win32_1.0.0.202411081344/tools/bin/../lib/gcc/arm-none-eabi/13.3.1/../../../../arm-none-eabi/lib/thumb/v7-m/nofp\libc_nano.a(libc_a-mallocr.o) (__malloc_lock)
C:/ST/STM32CubeIDE_1.18.1/STM32CubeIDE/plugins/com.st.stm32cube.ide.mcu.externaltools.gnu-tools-for-stm32.13.3.rel1.win32_1.0.0.202411081344/tools/bin/../lib/gcc/arm-none-eabi/13.3.1/../../../../arm-none-eabi/lib/thumb/v7-m/nofp\libc_nano.a(libc_a-fflush.o)
                              ./CANopenNode_STM32/CO_app_STM32.o (fflush)
C:/ST/STM32CubeIDE_1.18.1/STM32CubeIDE/plugins/com.st.stm32cube.ide.mcu.externaltools.gnu-tools-for-stm32.13.3.rel1.win32_1.0.0.202411081344/tools/bin/../lib/gcc/arm-none-eabi/13.3.1/../../../../arm-none-eabi/lib/thumb/v7-m/nofp\libc_nano.a(libc_a-findfp.o)
                              C:/ST/STM32CubeIDE_1.18.1/STM32CubeIDE/plugins/com.st.stm32cube.ide.mcu.externaltools.gnu-tools-for-stm32.13.3.rel1.win32_1.0.0.202411081344/tools/bin/../lib/gcc/arm-none-eabi/13.3.1/../../../../arm-none-eabi/lib/thumb/v7-m/nofp\libc_nano.a(libc_a-fflush.o) (__sglue)
C:/ST/STM32CubeIDE_1.18.1/STM32CubeIDE/plugins/com.st.stm32cube.ide.mcu.externaltools.gnu-tools-for-stm32.13.3.rel1.win32_1.0.0.202411081344/tools/bin/../lib/gcc/arm-none-eabi/13.3.1/../../../../arm-none-eabi/lib/thumb/v7-m/nofp\libc_nano.a(libc_a-fwalk.o)
                              C:/ST/STM32CubeIDE_1.18.1/STM32CubeIDE/plugins/com.st.stm32cube.ide.mcu.externaltools.gnu-tools-for-stm32.13.3.rel1.win32_1.0.0.202411081344/tools/bin/../lib/gcc/arm-none-eabi/13.3.1/../../../../arm-none-eabi/lib/thumb/v7-m/nofp\libc_nano.a(libc_a-fflush.o) (_fwalk_sglue)
C:/ST/STM32CubeIDE_1.18.1/STM32CubeIDE/plugins/com.st.stm32cube.ide.mcu.externaltools.gnu-tools-for-stm32.13.3.rel1.win32_1.0.0.202411081344/tools/bin/../lib/gcc/arm-none-eabi/13.3.1/../../../../arm-none-eabi/lib/thumb/v7-m/nofp\libc_nano.a(libc_a-printf.o)
                              ./CANopenNode_STM32/CO_app_STM32.o (printf)
C:/ST/STM32CubeIDE_1.18.1/STM32CubeIDE/plugins/com.st.stm32cube.ide.mcu.externaltools.gnu-tools-for-stm32.13.3.rel1.win32_1.0.0.202411081344/tools/bin/../lib/gcc/arm-none-eabi/13.3.1/../../../../arm-none-eabi/lib/thumb/v7-m/nofp\libc_nano.a(libc_a-puts.o)
[...]
Memory Configuration

Name             Origin             Length             Attributes
RAM              0x20000000         0x0000c000         xrw
FLASH            0x08000000         0x00040000         xr
*default*        0x00000000         0xffffffff

Linker script and memory map

LOAD C:/ST/STM32CubeIDE_1.18.1/STM32CubeIDE/plugins/com.st.stm32cube.ide.mcu.externaltools.gnu-tools-for-stm32.13.3.rel1.win32_1.0.0.202411081344/tools/bin/../lib/gcc/arm-none-eabi/13.3.1/thumb/v7-m/nofp/crti.o
LOAD C:/ST/STM32CubeIDE_1.18.1/STM32CubeIDE/plugins/com.st.stm32cube.ide.mcu.externaltools.gnu-tools-for-stm32.13.3.rel1.win32_1.0.0.202411081344/tools/bin/../lib/gcc/arm-none-eabi/13.3.1/thumb/v7-m/nofp/crtbegin.o
LOAD C:/ST/STM32CubeIDE_1.18.1/STM32CubeIDE/plugins/com.st.stm32cube.ide.mcu.externaltools.gnu-tools-for-stm32.13.3.rel1.win32_1.0.0.202411081344/tools/bin/../lib/gcc/arm-none-eabi/13.3.1/../../../../arm-none-eabi/lib/thumb/v7-m/nofp/crt0.o
LOAD ./CANopenNode/301/CO_Emergency.o
LOAD ./CANopenNode/301/CO_HBconsumer.o
LOAD ./CANopenNode/301/CO_NMT_Heartbeat.o
LOAD ./CANopenNode/301/CO_Node_Guarding.o
LOAD ./CANopenNode/301/CO_ODinterface.o
LOAD ./CANopenNode/301/CO_PDO.o
LOAD ./CANopenNode/301/CO_SDOclient.o
LOAD ./CANopenNode/301/CO_SDOserver.o
LOAD ./CANopenNode/301/CO_SYNC.o
LOAD ./CANopenNode/301/CO_TIME.o
LOAD ./CANopenNode/301/CO_fifo.o
LOAD ./CANopenNode/301/crc16-ccitt.o
LOAD ./CANopenNode/303/CO_LEDs.o
LOAD ./CANopenNode/304/CO_GFC.o
LOAD ./CANopenNode/304/CO_SRDO.o
LOAD ./CANopenNode/305/CO_LSSmaster.o
LOAD ./CANopenNode/305/CO_LSSslave.o
LOAD ./CANopenNode/309/CO_gateway_ascii.o
LOAD ./CANopenNode/CANopen.o
LOAD ./CANopenNode/extra/CO_trace.o
LOAD ./CANopenNode/storage/CO_storage.o
LOAD ./CANopenNode/storage/CO_storageEeprom.o
LOAD ./CANopenNode_STM32/CO_app_STM32.o
LOAD ./CANopenNode_STM32/CO_driver_STM32.o
LOAD ./CANopenNode_STM32/CO_storageBlank.o
LOAD ./CANopenNode_STM32/OD.o
LOAD ./Core/Src/can.o
LOAD ./Core/Src/gpio.o
LOAD ./Core/Src/main.o
LOAD ./Core/Src/stm32f1xx_hal_msp.o
LOAD ./Core/Src/stm32f1xx_it.o
LOAD ./Core/Src/syscalls.o
LOAD ./Core/Src/sysmem.o
LOAD ./Core/Src/system_stm32f1xx.o
LOAD ./Core/Src/tim.o
LOAD ./Core/Startup/startup_stm32f103rctx.o
LOAD ./Drivers/STM32F1xx_HAL_Driver/Src/stm32f1xx_hal.o
LOAD ./Drivers/STM32F1xx_HAL_Driver/Src/stm32f1xx_hal_can.o
LOAD ./Drivers/STM32F1xx_HAL_Driver/Src/stm32f1xx_hal_cortex.o
LOAD ./Drivers/STM32F1xx_HAL_Driver/Src/stm32f1xx_hal_dma.o
LOAD ./Drivers/STM32F1xx_HAL_Driver/Src/stm32f1xx_hal_exti.o
LOAD ./Drivers/STM32F1xx_HAL_Driver/Src/stm32f1xx_hal_flash.o
LOAD ./Drivers/STM32F1xx_HAL_Driver/Src/stm32f1xx_hal_flash_ex.o
LOAD ./Drivers/STM32F1xx_HAL_Driver/Src/stm32f1xx_hal_gpio.o
LOAD ./Drivers/STM32F1xx_HAL_Driver/Src/stm32f1xx_hal_gpio_ex.o
LOAD ./Drivers/STM32F1xx_HAL_Driver/Src/stm32f1xx_hal_pwr.o
LOAD ./Drivers/STM32F1xx_HAL_Driver/Src/stm32f1xx_hal_rcc.o
LOAD ./Drivers/STM32F1xx_HAL_Driver/Src/stm32f1xx_hal_rcc_ex.o
LOAD ./Drivers/STM32F1xx_HAL_Driver/Src/stm32f1xx_hal_tim.o
LOAD ./Drivers/STM32F1xx_HAL_Driver/Src/stm32f1xx_hal_tim_ex.o
START GROUP
LOAD C:/ST/STM32CubeIDE_1.18.1/STM32CubeIDE/plugins/com.st.stm32cube.ide.mcu.externaltools.gnu-tools-for-stm32.13.3.rel1.win32_1.0.0.202411081344/tools/bin/../lib/gcc/arm-none-eabi/13.3.1/../../../../arm-none-eabi/lib/thumb/v7-m/nofp\libc_nano.a
LOAD C:/ST/STM32CubeIDE_1.18.1/STM32CubeIDE/plugins/com.st.stm32cube.ide.mcu.externaltools.gnu-tools-for-stm32.13.3.rel1.win32_1.0.0.202411081344/tools/bin/../lib/gcc/arm-none-eabi/13.3.1/../../../../arm-none-eabi/lib/thumb/v7-m/nofp\libm.a
END GROUP
START GROUP
LOAD C:/ST/STM32CubeIDE_1.18.1/STM32CubeIDE/plugins/com.st.stm32cube.ide.mcu.externaltools.gnu-tools-for-stm32.13.3.rel1.win32_1.0.0.202411081344/tools/bin/../lib/gcc/arm-none-eabi/13.3.1/thumb/v7-m/nofp\libgcc.a
LOAD C:/ST/STM32CubeIDE_1.18.1/STM32CubeIDE/plugins/com.st.stm32cube.ide.mcu.externaltools.gnu-tools-for-stm32.13.3.rel1.win32_1.0.0.202411081344/tools/bin/../lib/gcc/arm-none-eabi/13.3.1/../../../../arm-none-eabi/lib/thumb/v7-m/nofp\libc_nano.a
END GROUP
START GROUP
LOAD C:/ST/STM32CubeIDE_1.18.1/STM32CubeIDE/plugins/com.st.stm32cube.ide.mcu.externaltools.gnu-tools-for-stm32.13.3.rel1.win32_1.0.0.202411081344/tools/bin/../lib/gcc/arm-none-eabi/13.3.1/thumb/v7-m/nofp\libgcc.a
LOAD C:/ST/STM32CubeIDE_1.18.1/STM32CubeIDE/plugins/com.st.stm32cube.ide.mcu.externaltools.gnu-tools-for-stm32.13.3.rel1.win32_1.0.0.202411081344/tools/bin/../lib/gcc/arm-none-eabi/13.3.1/../../../../arm-none-eabi/lib/thumb/v7-m/nofp\libc_nano.a
LOAD C:/ST/STM32CubeIDE_1.18.1/STM32CubeIDE/plugins/com.st.stm32cube.ide.mcu.externaltools.gnu-tools-for-stm32.13.3.rel1.win32_1.0.0.202411081344/tools/bin/../lib/gcc/arm-none-eabi/13.3.1/../../../../arm-none-eabi/lib/thumb/v7-m/nofp\libnosys.a
END GROUP
START GROUP
LOAD C:/ST/STM32CubeIDE_1.18.1/STM32CubeIDE/plugins/com.st.stm32cube.ide.mcu.externaltools.gnu-tools-for-stm32.13.3.rel1.win32_1.0.0.202411081344/tools/bin/../lib/gcc/arm-none-eabi/13.3.1/thumb/v7-m/nofp\libgcc.a
LOAD C:/ST/STM32CubeIDE_1.18.1/STM32CubeIDE/plugins/com.st.stm32cube.ide.mcu.externaltools.gnu-tools-for-stm32.13.3.rel1.win32_1.0.0.202411081344/tools/bin/../lib/gcc/arm-none-eabi/13.3.1/../../../../arm-none-eabi/lib/thumb/v7-m/nofp\libc_nano.a
LOAD C:/ST/STM32CubeIDE_1.18.1/STM32CubeIDE/plugins/com.st.stm32cube.ide.mcu.externaltools.gnu-tools-for-stm32.13.3.rel1.win32_1.0.0.202411081344/tools/bin/../lib/gcc/arm-none-eabi/13.3.1/../../../../arm-none-eabi/lib/thumb/v7-m/nofp\libnosys.a
END GROUP
LOAD C:/ST/STM32CubeIDE_1.18.1/STM32CubeIDE/plugins/com.st.stm32cube.ide.mcu.externaltools.gnu-tools-for-stm32.13.3.rel1.win32_1.0.0.202411081344/tools/bin/../lib/gcc/arm-none-eabi/13.3.1/thumb/v7-m/nofp/crtend.o
LOAD C:/ST/STM32CubeIDE_1.18.1/STM32CubeIDE/plugins/com.st.stm32cube.ide.mcu.externaltools.gnu-tools-for-stm32.13.3.rel1.win32_1.0.0.202411081344/tools/bin/../lib/gcc/arm-none-eabi/13.3.1/thumb/v7-m/nofp/crtn.o
                0x2000c000                        _estack = (ORIGIN (RAM) + LENGTH (RAM))
                0x00000200                        _Min_Heap_Size = 0x200
                0x00000400                        _Min_Stack_Size = 0x400

.isr_vector     0x08000000      0x1e4
                0x08000000                        . = ALIGN (0x4)
 *(.isr_vector)
 .isr_vector    0x08000000      0x1e4 ./Core/Startup/startup_stm32f103rctx.o
                0x08000000                g_pfnVectors
                0x080001e4                        . = ALIGN (0x4)

.text           0x080001e4     0xa000
                0x080001e4                        . = ALIGN (0x4)
 *(.text)
 .text          0x080001e4       0x40 C:/ST/STM32CubeIDE_1.18.1/STM32CubeIDE/plugins/com.st.stm32cube.ide.mcu.externaltools.gnu-tools-for-stm32.13.3.rel1.win32_1.0.0.202411081344/tools/bin/../lib/gcc/arm-none-eabi/13.3.1/thumb/v7-m/nofp/crtbegin.o
 .text          0x08000224       0x10 C:/ST/STM32CubeIDE_1.18.1/STM32CubeIDE/plugins/com.st.stm32cube.ide.mcu.externaltools.gnu-tools-for-stm32.13.3.rel1.win32_1.0.0.202411081344/tools/bin/../lib/gcc/arm-none-eabi/13.3.1/../../../../arm-none-eabi/lib/thumb/v7-m/nofp\libc_nano.a(libc_a-strlen.o)
                0x08000224                strlen
 *(.text*)
 .text.CO_getUint8
                0x08000234       0x1a ./CANopenNode/301/CO_Emergency.o
 .text.CO_setUint8
                0x0800024e       0x1e ./CANopenNode/301/CO_Emergency.o
 .text.CO_setUint32
                0x0800026c       0x1c ./CANopenNode/301/CO_Emergency.o
 .text.OD_getIndex
                0x08000288       0x20 ./CANopenNode/301/CO_Emergency.o
 .text.OD_extension_init
                0x080002a8       0x26 ./CANopenNode/301/CO_Emergency.o
 .text.OD_get_u32
                0x080002ce       0x2a ./CANopenNode/301/CO_Emergency.o
 .text.OD_read_1014_default
                0x080002f8       0x70 ./CANopenNode/301/CO_Emergency.o
 .text.OD_read_1003
                0x08000368       0xda ./CANopenNode/301/CO_Emergency.o
 .text.OD_write_1003
                0x08000442       0x60 ./CANopenNode/301/CO_Emergency.o
 *fill*         0x080004a2        0x2 
 .text.CO_EM_init
                0x080004a4      0x1c0 ./CANopenNode/301/CO_Emergency.o
                0x080004a4                CO_EM_init
 .text.CO_EM_process
                0x08000664      0x296 ./CANopenNode/301/CO_Emergency.o
                0x08000664                CO_EM_process
 .text.CO_error
                0x080008fa      0x178 ./CANopenNode/301/CO_Emergency.o
                0x080008fa                CO_error
 .text.CO_getUint32
                0x08000a72       0x1a ./CANopenNode/301/CO_HBconsumer.o
 .text.OD_getIndex
                0x08000a8c       0x20 ./CANopenNode/301/CO_HBconsumer.o
 .text.OD_extension_init
                0x08000aac       0x26 ./CANopenNode/301/CO_HBconsumer.o
 .text.OD_get_u32
                0x08000ad2       0x2a ./CANopenNode/301/CO_HBconsumer.o
 .text.CO_HBcons_receive
                0x08000afc       0x3a ./CANopenNode/301/CO_HBconsumer.o
 .text.OD_write_1016
                0x08000b36       0x8e ./CANopenNode/301/CO_HBconsumer.o
 .text.CO_HBconsumer_init
                0x08000bc4      0x154 ./CANopenNode/301/CO_HBconsumer.o
                0x08000bc4                CO_HBconsumer_init
 .text.CO_HBconsumer_initEntry
                0x08000d18      0x12c ./CANopenNode/301/CO_HBconsumer.o
 .text.CO_HBconsumer_process
                0x08000e44      0x1aa ./CANopenNode/301/CO_HBconsumer.o
                0x08000e44                CO_HBconsumer_process
 .text.CO_getUint16
                0x08000fee       0x1c ./CANopenNode/301/CO_NMT_Heartbeat.o
 .text.OD_getIndex
                0x0800100a       0x20 ./CANopenNode/301/CO_NMT_Heartbeat.o
 .text.OD_extension_init
                0x0800102a       0x26 ./CANopenNode/301/CO_NMT_Heartbeat.o
 .text.OD_get_u16
                0x08001050       0x2a ./CANopenNode/301/CO_NMT_Heartbeat.o
 .text.CO_isError
                0x0800107a       0x4c ./CANopenNode/301/CO_NMT_Heartbeat.o
 .text.CO_getErrorRegister
                0x080010c6       0x2a ./CANopenNode/301/CO_NMT_Heartbeat.o
 .text.CO_NMT_receive
                0x080010f0       0x4e ./CANopenNode/301/CO_NMT_Heartbeat.o
 .text.OD_write_1017
                0x0800113e       0x6a ./CANopenNode/301/CO_NMT_Heartbeat.o
 .text.CO_NMT_init
                0x080011a8      0x17c ./CANopenNode/301/CO_NMT_Heartbeat.o
                0x080011a8                CO_NMT_init
 .text.CO_NMT_process
                0x08001324      0x22e ./CANopenNode/301/CO_NMT_Heartbeat.o
                0x08001324                CO_NMT_process
 .text.OD_readOriginal
                0x08001552       0xb0 ./CANopenNode/301/CO_ODinterface.o
                0x08001552                OD_readOriginal
 .text.OD_writeOriginal
                0x08001602       0xda ./CANopenNode/301/CO_ODinterface.o
                0x08001602                OD_writeOriginal
 .text.OD_readDisabled
                0x080016dc       0x1a ./CANopenNode/301/CO_ODinterface.o
 .text.OD_writeDisabled
                0x080016f6       0x1a ./CANopenNode/301/CO_ODinterface.o
 .text.OD_find  0x08001710       0xb6 ./CANopenNode/301/CO_ODinterface.o
                0x08001710                OD_find
 *fill*         0x080017c6        0x2 
 .text.OD_getSub
                0x080017c8      0x20c ./CANopenNode/301/CO_ODinterface.o
                0x080017c8                OD_getSub
 .text.OD_getSDOabCode
                0x080019d4       0x38 ./CANopenNode/301/CO_ODinterface.o
                0x080019d4                OD_getSDOabCode
 .text.OD_get_value
                0x08001a0c       0x7a ./CANopenNode/301/CO_ODinterface.o
                0x08001a0c                OD_get_value
 .text.OD_set_value
                0x08001a86       0x7a ./CANopenNode/301/CO_ODinterface.o
                0x08001a86                OD_set_value
 .text.OD_getPtr
                0x08001b00       0x86 ./CANopenNode/301/CO_ODinterface.o
                0x08001b00                OD_getPtr
 .text.CO_getUint8
                0x08001b86       0x1a ./CANopenNode/301/CO_PDO.o
 .text.CO_getUint16
                0x08001ba0       0x1c ./CANopenNode/301/CO_PDO.o
 .text.CO_getUint32
                0x08001bbc       0x1a ./CANopenNode/301/CO_PDO.o
 .text.CO_setUint32
                0x08001bd6       0x1c ./CANopenNode/301/CO_PDO.o
 .text.OD_getIndex
                0x08001bf2       0x20 ./CANopenNode/301/CO_PDO.o
 .text.OD_extension_init
                0x08001c12       0x26 ./CANopenNode/301/CO_PDO.o
 .text.OD_get_u8
                0x08001c38       0x2a ./CANopenNode/301/CO_PDO.o
 .text.OD_get_u16
                0x08001c62       0x2a ./CANopenNode/301/CO_PDO.o
 .text.OD_get_u32
                0x08001c8c       0x2a ./CANopenNode/301/CO_PDO.o
 .text.OD_write_dummy
                0x08001cb6       0x26 ./CANopenNode/301/CO_PDO.o
 .text.OD_read_dummy
                0x08001cdc       0x4e ./CANopenNode/301/CO_PDO.o
 *fill*         0x08001d2a        0x2 
 .text.PDOconfigMap
                0x08001d2c      0x17c ./CANopenNode/301/CO_PDO.o
 .text.PDO_initMapping
                0x08001ea8      0x154 ./CANopenNode/301/CO_PDO.o
 .text.OD_write_PDO_mapping
                0x08001ffc      0x132 ./CANopenNode/301/CO_PDO.o
 .text.OD_read_PDO_commParam
                0x0800212e       0x9c ./CANopenNode/301/CO_PDO.o
 .text.CO_PDO_receive
                0x080021ca       0xbc ./CANopenNode/301/CO_PDO.o
 *fill*         0x08002286        0x2 
 .text.OD_write_14xx
                0x08002288      0x240 ./CANopenNode/301/CO_PDO.o
 .text.CO_RPDO_init
                0x080024c8      0x284 ./CANopenNode/301/CO_PDO.o
                0x080024c8                CO_RPDO_init
 .text.OD_write_18xx
                0x0800274c      0x2a4 ./CANopenNode/301/CO_PDO.o
 .text.CO_TPDO_init
                0x080029f0      0x2e0 ./CANopenNode/301/CO_PDO.o
                0x080029f0                CO_TPDO_init
 .text.CO_getUint8
                0x08002cd0       0x1a ./CANopenNode/301/CO_SDOserver.o
 .text.CO_getUint32
                0x08002cea       0x1a ./CANopenNode/301/CO_SDOserver.o
 .text.OD_getIndex
                0x08002d04       0x20 ./CANopenNode/301/CO_SDOserver.o
 .text.OD_extension_init
                0x08002d24       0x26 ./CANopenNode/301/CO_SDOserver.o
 .text.OD_get_u8
                0x08002d4a       0x2a ./CANopenNode/301/CO_SDOserver.o
 .text.OD_get_u32
                0x08002d74       0x2a ./CANopenNode/301/CO_SDOserver.o
 .text.OD_set_u32
                0x08002d9e       0x2a ./CANopenNode/301/CO_SDOserver.o
 .text.CO_SDO_receive
                0x08002dc8       0x54 ./CANopenNode/301/CO_SDOserver.o
 .text.CO_SDOserver_init_canRxTx
                0x08002e1c       0xd8 ./CANopenNode/301/CO_SDOserver.o
 .text.OD_write_1201_additional
                0x08002ef4      0x224 ./CANopenNode/301/CO_SDOserver.o
 .text.CO_SDOserver_init
                0x08003118      0x228 ./CANopenNode/301/CO_SDOserver.o
                0x08003118                CO_SDOserver_init
 .text.validateAndWriteToOD
                0x08003340      0x220 ./CANopenNode/301/CO_SDOserver.o
 .text.readFromOd
                0x08003560      0x18c ./CANopenNode/301/CO_SDOserver.o
 .text.CO_SDOserver_process
                0x080036ec      0xa34 ./CANopenNode/301/CO_SDOserver.o
                0x080036ec                CO_SDOserver_process
 .text.CO_getUint8
                0x08004120       0x1a ./CANopenNode/301/CO_SYNC.o
 .text.CO_getUint32
                0x0800413a       0x1a ./CANopenNode/301/CO_SYNC.o
 .text.OD_getIndex
                0x08004154       0x20 ./CANopenNode/301/CO_SYNC.o
 .text.OD_extension_init
                0x08004174       0x26 ./CANopenNode/301/CO_SYNC.o
 .text.OD_get_u8
                0x0800419a       0x2a ./CANopenNode/301/CO_SYNC.o
 .text.OD_get_u32
                0x080041c4       0x2a ./CANopenNode/301/CO_SYNC.o
 .text.CO_SYNC_receive
                0x080041ee       0x8a ./CANopenNode/301/CO_SYNC.o
 .text.OD_write_1005
                0x08004278      0x188 ./CANopenNode/301/CO_SYNC.o
 .text.OD_write_1019
                0x08004400       0xbc ./CANopenNode/301/CO_SYNC.o
 .text.CO_SYNC_init
                0x080044bc      0x24c ./CANopenNode/301/CO_SYNC.o
                0x080044bc                CO_SYNC_init
 .text.CO_getUint16
                0x08004708       0x1c ./CANopenNode/301/CO_TIME.o
 .text.CO_getUint32
                0x08004724       0x1a ./CANopenNode/301/CO_TIME.o
 .text.OD_getIndex
                0x0800473e       0x20 ./CANopenNode/301/CO_TIME.o
 .text.OD_extension_init
                0x0800475e       0x26 ./CANopenNode/301/CO_TIME.o
 .text.OD_get_u32
                0x08004784       0x2a ./CANopenNode/301/CO_TIME.o
 .text.CO_TIME_receive
                0x080047ae       0x3a ./CANopenNode/301/CO_TIME.o
 .text.OD_write_1012
                0x080047e8       0xe4 ./CANopenNode/301/CO_TIME.o
 .text.CO_TIME_init
                0x080048cc      0x100 ./CANopenNode/301/CO_TIME.o
                0x080048cc                CO_TIME_init
 .text.CO_TIME_process
                0x080049cc       0xec ./CANopenNode/301/CO_TIME.o
                0x080049cc                CO_TIME_process
 .text.CO_LEDs_init
                0x08004ab8       0x2e ./CANopenNode/303/CO_LEDs.o
                0x08004ab8                CO_LEDs_init
 *fill*         0x08004ae6        0x2 
 .text.CO_LEDs_process
                0x08004ae8      0x360 ./CANopenNode/303/CO_LEDs.o
                0x08004ae8                CO_LEDs_process
 .text.CO_LSSslave_receive
                0x08004e48      0x2c8 ./CANopenNode/305/CO_LSSslave.o
 .text.CO_LSSslave_init
                0x08005110       0xec ./CANopenNode/305/CO_LSSslave.o
                0x08005110                CO_LSSslave_init
 .text.CO_LSSslave_process
                0x080051fc      0x428 ./CANopenNode/305/CO_LSSslave.o
                0x080051fc                CO_LSSslave_process
 .text.CO_isError
                0x08005624       0x4c ./CANopenNode/CANopen.o
 .text.CO_getErrorRegister
                0x08005670       0x2a ./CANopenNode/CANopen.o
 .text.CO_NMT_getInternalState
                0x0800569a       0x22 ./CANopenNode/CANopen.o
 .text.CO_LSSslave_getState
                0x080056bc       0x20 ./CANopenNode/CANopen.o
 .text.CO_new   0x080056dc      0x24e ./CANopenNode/CANopen.o
                0x080056dc                CO_new
 .text.CO_delete
                0x0800592a       0xbe ./CANopenNode/CANopen.o
                0x0800592a                CO_delete
 .text.CO_CANinit
                0x080059e8       0x58 ./CANopenNode/CANopen.o
                0x080059e8                CO_CANinit
 .text.CO_LSSinit
                0x08005a40       0x58 ./CANopenNode/CANopen.o
                0x08005a40                CO_LSSinit
 .text.CO_CANopenInit
                0x08005a98      0x288 ./CANopenNode/CANopen.o
                0x08005a98                CO_CANopenInit
 .text.CO_CANopenInitPDO
                0x08005d20      0x190 ./CANopenNode/CANopen.o
                0x08005d20                CO_CANopenInitPDO
 .text.CO_process
                0x08005eb0      0x1f0 ./CANopenNode/CANopen.o
                0x08005eb0                CO_process
 .text.canopen_app_init
                0x080060a0       0x68 ./CANopenNode_STM32/CO_app_STM32.o
                0x080060a0                canopen_app_init
 .text.canopen_app_resetCommunication
                0x08006108      0x23c ./CANopenNode_STM32/CO_app_STM32.o
                0x08006108                canopen_app_resetCommunication
 .text.canopen_app_process
                0x08006344       0xd8 ./CANopenNode_STM32/CO_app_STM32.o
                0x08006344                canopen_app_process
 .text.CO_CANsetConfigurationMode
                0x0800641c       0x20 ./CANopenNode_STM32/CO_driver_STM32.o
                0x0800641c                CO_CANsetConfigurationMode
 .text.CO_CANsetNormalMode
                0x0800643c       0x30 ./CANopenNode_STM32/CO_driver_STM32.o
                0x0800643c                CO_CANsetNormalMode
 .text.CO_CANmodule_init
                0x0800646c      0x190 ./CANopenNode_STM32/CO_driver_STM32.o
                0x0800646c                CO_CANmodule_init
 .text.CO_CANmodule_disable
                0x080065fc       0x2a ./CANopenNode_STM32/CO_driver_STM32.o
                0x080065fc                CO_CANmodule_disable
 *fill*         0x08006626        0x2 
 .text.CO_CANrxBufferInit
                0x08006628       0xb8 ./CANopenNode_STM32/CO_driver_STM32.o
                0x08006628                CO_CANrxBufferInit
 .text.CO_CANtxBufferInit
                0x080066e0       0x72 ./CANopenNode_STM32/CO_driver_STM32.o
                0x080066e0                CO_CANtxBufferInit
 *fill*         0x08006752        0x2 
 .text.prv_send_can_message
                0x08006754       0x80 ./CANopenNode_STM32/CO_driver_STM32.o
 .text.CO_CANsend
                0x080067d4       0x8e ./CANopenNode_STM32/CO_driver_STM32.o
                0x080067d4                CO_CANsend
 .text.CO_CANmodule_process
                0x08006862       0x8e ./CANopenNode_STM32/CO_driver_STM32.o
                0x08006862                CO_CANmodule_process
 .text.prv_read_can_received_msg
                0x080068f0       0xd8 ./CANopenNode_STM32/CO_driver_STM32.o
 .text.HAL_CAN_RxFifo0MsgPendingCallback
                0x080069c8       0x1a ./CANopenNode_STM32/CO_driver_STM32.o
                0x080069c8                HAL_CAN_RxFifo0MsgPendingCallback
 .text.HAL_CAN_RxFifo1MsgPendingCallback
                0x080069e2       0x1a ./CANopenNode_STM32/CO_driver_STM32.o
                0x080069e2                HAL_CAN_RxFifo1MsgPendingCallback
 .text.CO_CANinterrupt_TX
                0x080069fc       0x9c ./CANopenNode_STM32/CO_driver_STM32.o
                0x080069fc                CO_CANinterrupt_TX
 .text.HAL_CAN_TxMailbox0CompleteCallback
                0x08006a98       0x20 ./CANopenNode_STM32/CO_driver_STM32.o
                0x08006a98                HAL_CAN_TxMailbox0CompleteCallback
 .text.HAL_CAN_TxMailbox1CompleteCallback
                0x08006ab8       0x20 ./CANopenNode_STM32/CO_driver_STM32.o
                0x08006ab8                HAL_CAN_TxMailbox1CompleteCallback
 .text.HAL_CAN_TxMailbox2CompleteCallback
                0x08006ad8       0x20 ./CANopenNode_STM32/CO_driver_STM32.o
                0x08006ad8                HAL_CAN_TxMailbox2CompleteCallback
 .text.MX_CAN_Init
                0x08006af8       0x6c ./Core/Src/can.o
                0x08006af8                MX_CAN_Init
 .text.HAL_CAN_MspInit
                0x08006b64       0xe0 ./Core/Src/can.o
                0x08006b64                HAL_CAN_MspInit
 .text.MX_GPIO_Init
                0x08006c44       0x44 ./Core/Src/gpio.o
                0x08006c44                MX_GPIO_Init
 .text.main     0x08006c88       0x4c ./Core/Src/main.o
                0x08006c88                main
 .text.SystemClock_Config
                0x08006cd4       0x8a ./Core/Src/main.o
                0x08006cd4                SystemClock_Config
 .text.Error_Handler
                0x08006d5e        0xc ./Core/Src/main.o
                0x08006d5e                Error_Handler
 *fill*         0x08006d6a        0x2 
 .text.HAL_MspInit
                0x08006d6c       0x64 ./Core/Src/stm32f1xx_hal_msp.o
                0x08006d6c                HAL_MspInit
 .text.NMI_Handler
                0x08006dd0        0x8 ./Core/Src/stm32f1xx_it.o
                0x08006dd0                NMI_Handler
 .text.HardFault_Handler
                0x08006dd8        0x8 ./Core/Src/stm32f1xx_it.o
                0x08006dd8                HardFault_Handler
 .text.MemManage_Handler
                0x08006de0        0x8 ./Core/Src/stm32f1xx_it.o
                0x08006de0                MemManage_Handler
 .text.BusFault_Handler
                0x08006de8        0x8 ./Core/Src/stm32f1xx_it.o
                0x08006de8                BusFault_Handler
 .text.UsageFault_Handler
                0x08006df0        0x8 ./Core/Src/stm32f1xx_it.o
                0x08006df0                UsageFault_Handler
 .text.SVC_Handler
                0x08006df8        0xc ./Core/Src/stm32f1xx_it.o
                0x08006df8                SVC_Handler
 .text.DebugMon_Handler
                0x08006e04        0xc ./Core/Src/stm32f1xx_it.o
                0x08006e04                DebugMon_Handler
 .text.PendSV_Handler
                0x08006e10        0xc ./Core/Src/stm32f1xx_it.o
                0x08006e10                PendSV_Handler
 .text.SysTick_Handler
                0x08006e1c        0xc ./Core/Src/stm32f1xx_it.o
                0x08006e1c                SysTick_Handler
 .text.USB_LP_CAN1_RX0_IRQHandler
                0x08006e28       0x14 ./Core/Src/stm32f1xx_it.o
                0x08006e28                USB_LP_CAN1_RX0_IRQHandler
 .text.CAN1_SCE_IRQHandler
                0x08006e3c       0x14 ./Core/Src/stm32f1xx_it.o
                0x08006e3c                CAN1_SCE_IRQHandler
 .text.TIM6_IRQHandler
                0x08006e50       0x14 ./Core/Src/stm32f1xx_it.o
                0x08006e50                TIM6_IRQHandler
 .text._read    0x08006e64       0x3a ./Core/Src/syscalls.o
                0x08006e64                _read
 .text._write   0x08006e9e       0x38 ./Core/Src/syscalls.o
                0x08006e9e                _write
 .text._close   0x08006ed6       0x16 ./Core/Src/syscalls.o
                0x08006ed6                _close
 .text._fstat   0x08006eec       0x1e ./Core/Src/syscalls.o
                0x08006eec                _fstat
 .text._isatty  0x08006f0a       0x14 ./Core/Src/syscalls.o
                0x08006f0a                _isatty
 .text._lseek   0x08006f1e       0x18 ./Core/Src/syscalls.o
                0x08006f1e                _lseek
 *fill*         0x08006f36        0x2 
 .text._sbrk    0x08006f38       0x6c ./Core/Src/sysmem.o
                0x08006f38                _sbrk
 .text.SystemInit
                0x08006fa4        0xc ./Core/Src/system_stm32f1xx.o
                0x08006fa4                SystemInit
 .text.MX_TIM6_Init
                0x08006fb0       0x6c ./Core/Src/tim.o
                0x08006fb0                MX_TIM6_Init
 .text.HAL_TIM_Base_MspInit
                0x0800701c       0x4c ./Core/Src/tim.o
                0x0800701c                HAL_TIM_Base_MspInit
 .text.Reset_Handler
                0x08007068       0x48 ./Core/Startup/startup_stm32f103rctx.o
                0x08007068                Reset_Handler
 .text.Default_Handler
                0x080070b0        0x2 ./Core/Startup/startup_stm32f103rctx.o
                0x080070b0                RTC_Alarm_IRQHandler
                0x080070b0                EXTI2_IRQHandler
                0x080070b0                TIM8_TRG_COM_IRQHandler
                0x080070b0                TIM8_CC_IRQHandler
                0x080070b0                TIM1_CC_IRQHandler
                0x080070b0                PVD_IRQHandler
                0x080070b0                SDIO_IRQHandler
                0x080070b0                EXTI3_IRQHandler
                0x080070b0                EXTI0_IRQHandler
                0x080070b0                I2C2_EV_IRQHandler
                0x080070b0                ADC1_2_IRQHandler
                0x080070b0                SPI1_IRQHandler
                0x080070b0                TAMPER_IRQHandler
                0x080070b0                TIM8_UP_IRQHandler
                0x080070b0                DMA2_Channel2_IRQHandler
                0x080070b0                DMA1_Channel4_IRQHandler
                0x080070b0                USART3_IRQHandler
                0x080070b0                RTC_IRQHandler
                0x080070b0                DMA1_Channel7_IRQHandler
                0x080070b0                CAN1_RX1_IRQHandler
                0x080070b0                UART5_IRQHandler
                0x080070b0                ADC3_IRQHandler
                0x080070b0                TIM4_IRQHandler
                0x080070b0                DMA2_Channel1_IRQHandler
                0x080070b0                I2C1_EV_IRQHandler
                0x080070b0                DMA1_Channel6_IRQHandler
                0x080070b0                UART4_IRQHandler
                0x080070b0                TIM3_IRQHandler
                0x080070b0                RCC_IRQHandler
                0x080070b0                TIM1_TRG_COM_IRQHandler
                0x080070b0                DMA1_Channel1_IRQHandler
                0x080070b0                Default_Handler
                0x080070b0                EXTI15_10_IRQHandler
                0x080070b0                TIM7_IRQHandler
                0x080070b0                TIM5_IRQHandler
                0x080070b0                EXTI9_5_IRQHandler
                0x080070b0                SPI2_IRQHandler
                0x080070b0                DMA1_Channel5_IRQHandler
                0x080070b0                EXTI4_IRQHandler
                0x080070b0                USB_HP_CAN1_TX_IRQHandler
                0x080070b0                DMA1_Channel3_IRQHandler
                0x080070b0                FSMC_IRQHandler
                0x080070b0                TIM1_UP_IRQHandler
                0x080070b0                WWDG_IRQHandler
                0x080070b0                TIM2_IRQHandler
                0x080070b0                TIM1_BRK_IRQHandler
                0x080070b0                EXTI1_IRQHandler
                0x080070b0                DMA2_Channel4_5_IRQHandler
                0x080070b0                USART2_IRQHandler
                0x080070b0                I2C2_ER_IRQHandler
                0x080070b0                DMA1_Channel2_IRQHandler
                0x080070b0                TIM8_BRK_IRQHandler
                0x080070b0                FLASH_IRQHandler
                0x080070b0                USART1_IRQHandler
                0x080070b0                SPI3_IRQHandler
                0x080070b0                I2C1_ER_IRQHandler
                0x080070b0                USBWakeUp_IRQHandler
                0x080070b0                DMA2_Channel3_IRQHandler
 *fill*         0x080070b2        0x2 
 .text.HAL_Init
                0x080070b4       0x2c ./Drivers/STM32F1xx_HAL_Driver/Src/stm32f1xx_hal.o
                0x080070b4                HAL_Init
 .text.HAL_InitTick
                0x080070e0       0x60 ./Drivers/STM32F1xx_HAL_Driver/Src/stm32f1xx_hal.o
                0x080070e0                HAL_InitTick
 .text.HAL_IncTick
                0x08007140       0x24 ./Drivers/STM32F1xx_HAL_Driver/Src/stm32f1xx_hal.o
                0x08007140                HAL_IncTick
 .text.HAL_GetTick
                0x08007164       0x14 ./Drivers/STM32F1xx_HAL_Driver/Src/stm32f1xx_hal.o
                0x08007164                HAL_GetTick
 .text.HAL_CAN_Init
                0x08007178      0x1f6 ./Drivers/STM32F1xx_HAL_Driver/Src/stm32f1xx_hal_can.o
                0x08007178                HAL_CAN_Init
 .text.HAL_CAN_ConfigFilter
                0x0800736e      0x192 ./Drivers/STM32F1xx_HAL_Driver/Src/stm32f1xx_hal_can.o
                0x0800736e                HAL_CAN_ConfigFilter
 .text.HAL_CAN_Start
                0x08007500       0x88 ./Drivers/STM32F1xx_HAL_Driver/Src/stm32f1xx_hal_can.o
                0x08007500                HAL_CAN_Start
 .text.HAL_CAN_Stop
                0x08007588       0x92 ./Drivers/STM32F1xx_HAL_Driver/Src/stm32f1xx_hal_can.o
                0x08007588                HAL_CAN_Stop
 .text.HAL_CAN_AddTxMessage
                0x0800761a      0x19e ./Drivers/STM32F1xx_HAL_Driver/Src/stm32f1xx_hal_can.o
                0x0800761a                HAL_CAN_AddTxMessage
 .text.HAL_CAN_GetTxMailboxesFreeLevel
                0x080077b8       0x68 ./Drivers/STM32F1xx_HAL_Driver/Src/stm32f1xx_hal_can.o
                0x080077b8                HAL_CAN_GetTxMailboxesFreeLevel
 .text.HAL_CAN_GetRxMessage
                0x08007820      0x242 ./Drivers/STM32F1xx_HAL_Driver/Src/stm32f1xx_hal_can.o
                0x08007820                HAL_CAN_GetRxMessage
 .text.HAL_CAN_ActivateNotification
                0x08007a62       0x4a ./Drivers/STM32F1xx_HAL_Driver/Src/stm32f1xx_hal_can.o
                0x08007a62                HAL_CAN_ActivateNotification
 .text.HAL_CAN_IRQHandler
                0x08007aac      0x36e ./Drivers/STM32F1xx_HAL_Driver/Src/stm32f1xx_hal_can.o
                0x08007aac                HAL_CAN_IRQHandler
 .text.HAL_CAN_TxMailbox0AbortCallback
                0x08007e1a       0x12 ./Drivers/STM32F1xx_HAL_Driver/Src/stm32f1xx_hal_can.o
                0x08007e1a                HAL_CAN_TxMailbox0AbortCallback
 .text.HAL_CAN_TxMailbox1AbortCallback
                0x08007e2c       0x12 ./Drivers/STM32F1xx_HAL_Driver/Src/stm32f1xx_hal_can.o
                0x08007e2c                HAL_CAN_TxMailbox1AbortCallback
 .text.HAL_CAN_TxMailbox2AbortCallback
                0x08007e3e       0x12 ./Drivers/STM32F1xx_HAL_Driver/Src/stm32f1xx_hal_can.o
                0x08007e3e                HAL_CAN_TxMailbox2AbortCallback
 .text.HAL_CAN_RxFifo0FullCallback
                0x08007e50       0x12 ./Drivers/STM32F1xx_HAL_Driver/Src/stm32f1xx_hal_can.o
                0x08007e50                HAL_CAN_RxFifo0FullCallback
 .text.HAL_CAN_RxFifo1FullCallback
                0x08007e62       0x12 ./Drivers/STM32F1xx_HAL_Driver/Src/stm32f1xx_hal_can.o
                0x08007e62                HAL_CAN_RxFifo1FullCallback
 .text.HAL_CAN_SleepCallback
                0x08007e74       0x12 ./Drivers/STM32F1xx_HAL_Driver/Src/stm32f1xx_hal_can.o
                0x08007e74                HAL_CAN_SleepCallback
 .text.HAL_CAN_WakeUpFromRxMsgCallback
                0x08007e86       0x12 ./Drivers/STM32F1xx_HAL_Driver/Src/stm32f1xx_hal_can.o
                0x08007e86                HAL_CAN_WakeUpFromRxMsgCallback
 .text.HAL_CAN_ErrorCallback
                0x08007e98       0x12 ./Drivers/STM32F1xx_HAL_Driver/Src/stm32f1xx_hal_can.o
                0x08007e98                HAL_CAN_ErrorCallback
 *fill*         0x08007eaa        0x2 
 .text.__NVIC_SetPriorityGrouping
                0x08007eac       0x48 ./Drivers/STM32F1xx_HAL_Driver/Src/stm32f1xx_hal_cortex.o
 .text.__NVIC_GetPriorityGrouping
                0x08007ef4       0x1c ./Drivers/STM32F1xx_HAL_Driver/Src/stm32f1xx_hal_cortex.o
 .text.__NVIC_EnableIRQ
                0x08007f10       0x38 ./Drivers/STM32F1xx_HAL_Driver/Src/stm32f1xx_hal_cortex.o
 .text.__NVIC_SetPriority
                0x08007f48       0x54 ./Drivers/STM32F1xx_HAL_Driver/Src/stm32f1xx_hal_cortex.o
 .text.NVIC_EncodePriority
                0x08007f9c       0x64 ./Drivers/STM32F1xx_HAL_Driver/Src/stm32f1xx_hal_cortex.o
 .text.__NVIC_SystemReset
                0x08008000       0x2c ./Drivers/STM32F1xx_HAL_Driver/Src/stm32f1xx_hal_cortex.o
 .text.SysTick_Config
                0x0800802c       0x44 ./Drivers/STM32F1xx_HAL_Driver/Src/stm32f1xx_hal_cortex.o
 .text.HAL_NVIC_SetPriorityGrouping
                0x08008070       0x16 ./Drivers/STM32F1xx_HAL_Driver/Src/stm32f1xx_hal_cortex.o
                0x08008070                HAL_NVIC_SetPriorityGrouping
 .text.HAL_NVIC_SetPriority
                0x08008086       0x38 ./Drivers/STM32F1xx_HAL_Driver/Src/stm32f1xx_hal_cortex.o
                0x08008086                HAL_NVIC_SetPriority
 .text.HAL_NVIC_EnableIRQ
                0x080080be       0x1c ./Drivers/STM32F1xx_HAL_Driver/Src/stm32f1xx_hal_cortex.o
                0x080080be                HAL_NVIC_EnableIRQ
 .text.HAL_NVIC_SystemReset
                0x080080da        0x8 ./Drivers/STM32F1xx_HAL_Driver/Src/stm32f1xx_hal_cortex.o
                0x080080da                HAL_NVIC_SystemReset
 .text.HAL_SYSTICK_Config
                0x080080e2       0x18 ./Drivers/STM32F1xx_HAL_Driver/Src/stm32f1xx_hal_cortex.o
                0x080080e2                HAL_SYSTICK_Config
 *fill*         0x080080fa        0x2 
 .text.HAL_GPIO_Init
                0x080080fc      0x328 ./Drivers/STM32F1xx_HAL_Driver/Src/stm32f1xx_hal_gpio.o
                0x080080fc                HAL_GPIO_Init
 .text.HAL_RCC_OscConfig
                0x08008424      0x504 ./Drivers/STM32F1xx_HAL_Driver/Src/stm32f1xx_hal_rcc.o
                0x08008424                HAL_RCC_OscConfig
 .text.HAL_RCC_ClockConfig
                0x08008928      0x1d4 ./Drivers/STM32F1xx_HAL_Driver/Src/stm32f1xx_hal_rcc.o
                0x08008928                HAL_RCC_ClockConfig
 .text.HAL_RCC_GetSysClockFreq
                0x08008afc       0xa8 ./Drivers/STM32F1xx_HAL_Driver/Src/stm32f1xx_hal_rcc.o
                0x08008afc                HAL_RCC_GetSysClockFreq
 .text.RCC_Delay
                0x08008ba4       0x3c ./Drivers/STM32F1xx_HAL_Driver/Src/stm32f1xx_hal_rcc.o
 .text.HAL_TIM_Base_Init
                0x08008be0       0x9e ./Drivers/STM32F1xx_HAL_Driver/Src/stm32f1xx_hal_tim.o
                0x08008be0                HAL_TIM_Base_Init
 *fill*         0x08008c7e        0x2 
 .text.HAL_TIM_Base_Start_IT
                0x08008c80       0xc0 ./Drivers/STM32F1xx_HAL_Driver/Src/stm32f1xx_hal_tim.o
                0x08008c80                HAL_TIM_Base_Start_IT
 .text.HAL_TIM_Base_Stop_IT
                0x08008d40       0x5c ./Drivers/STM32F1xx_HAL_Driver/Src/stm32f1xx_hal_tim.o
                0x08008d40                HAL_TIM_Base_Stop_IT
 .text.HAL_TIM_IRQHandler
                0x08008d9c      0x1e0 ./Drivers/STM32F1xx_HAL_Driver/Src/stm32f1xx_hal_tim.o
                0x08008d9c                HAL_TIM_IRQHandler
 .text.HAL_TIM_PeriodElapsedCallback
                0x08008f7c       0x12 ./Drivers/STM32F1xx_HAL_Driver/Src/stm32f1xx_hal_tim.o
                0x08008f7c                HAL_TIM_PeriodElapsedCallback
 .text.HAL_TIM_OC_DelayElapsedCallback
                0x08008f8e       0x12 ./Drivers/STM32F1xx_HAL_Driver/Src/stm32f1xx_hal_tim.o
                0x08008f8e                HAL_TIM_OC_DelayElapsedCallback
 .text.HAL_TIM_IC_CaptureCallback
                0x08008fa0       0x12 ./Drivers/STM32F1xx_HAL_Driver/Src/stm32f1xx_hal_tim.o
                0x08008fa0                HAL_TIM_IC_CaptureCallback
 .text.HAL_TIM_PWM_PulseFinishedCallback
                0x08008fb2       0x12 ./Drivers/STM32F1xx_HAL_Driver/Src/stm32f1xx_hal_tim.o
                0x08008fb2                HAL_TIM_PWM_PulseFinishedCallback
 .text.HAL_TIM_TriggerCallback
                0x08008fc4       0x12 ./Drivers/STM32F1xx_HAL_Driver/Src/stm32f1xx_hal_tim.o
                0x08008fc4                HAL_TIM_TriggerCallback
 *fill*         0x08008fd6        0x2 
 .text.TIM_Base_SetConfig
                0x08008fd8      0x10c ./Drivers/STM32F1xx_HAL_Driver/Src/stm32f1xx_hal_tim.o
                0x08008fd8                TIM_Base_SetConfig
 .text.HAL_TIMEx_MasterConfigSynchronization
                0x080090e4       0xd8 ./Drivers/STM32F1xx_HAL_Driver/Src/stm32f1xx_hal_tim_ex.o
                0x080090e4                HAL_TIMEx_MasterConfigSynchronization
 .text.HAL_TIMEx_CommutCallback
                0x080091bc       0x12 ./Drivers/STM32F1xx_HAL_Driver/Src/stm32f1xx_hal_tim_ex.o
                0x080091bc                HAL_TIMEx_CommutCallback
 .text.HAL_TIMEx_BreakCallback
                0x080091ce       0x12 ./Drivers/STM32F1xx_HAL_Driver/Src/stm32f1xx_hal_tim_ex.o
                0x080091ce                HAL_TIMEx_BreakCallback
 .text.calloc   0x080091e0       0x10 C:/ST/STM32CubeIDE_1.18.1/STM32CubeIDE/plugins/com.st.stm32cube.ide.mcu.externaltools.gnu-tools-for-stm32.13.3.rel1.win32_1.0.0.202411081344/tools/bin/../lib/gcc/arm-none-eabi/13.3.1/../../../../arm-none-eabi/lib/thumb/v7-m/nofp\libc_nano.a(libc_a-calloc.o)
                0x080091e0                calloc
 .text._calloc_r
                0x080091f0       0x28 C:/ST/STM32CubeIDE_1.18.1/STM32CubeIDE/plugins/com.st.stm32cube.ide.mcu.externaltools.gnu-tools-for-stm32.13.3.rel1.win32_1.0.0.202411081344/tools/bin/../lib/gcc/arm-none-eabi/13.3.1/../../../../arm-none-eabi/lib/thumb/v7-m/nofp\libc_nano.a(libc_a-callocr.o)
                0x080091f0                _calloc_r
 .text.free     0x08009218       0x10 C:/ST/STM32CubeIDE_1.18.1/STM32CubeIDE/plugins/com.st.stm32cube.ide.mcu.externaltools.gnu-tools-for-stm32.13.3.rel1.win32_1.0.0.202411081344/tools/bin/../lib/gcc/arm-none-eabi/13.3.1/../../../../arm-none-eabi/lib/thumb/v7-m/nofp\libc_nano.a(libc_a-malloc.o)
                0x08009218                free
 .text.sbrk_aligned
                0x08009228       0x44 C:/ST/STM32CubeIDE_1.18.1/STM32CubeIDE/plugins/com.st.stm32cube.ide.mcu.externaltools.gnu-tools-for-stm32.13.3.rel1.win32_1.0.0.202411081344/tools/bin/../lib/gcc/arm-none-eabi/13.3.1/../../../../arm-none-eabi/lib/thumb/v7-m/nofp\libc_nano.a(libc_a-mallocr.o)
 .text._malloc_r
                0x0800926c      0x100 C:/ST/STM32CubeIDE_1.18.1/STM32CubeIDE/plugins/com.st.stm32cube.ide.mcu.externaltools.gnu-tools-for-stm32.13.3.rel1.win32_1.0.0.202411081344/tools/bin/../lib/gcc/arm-none-eabi/13.3.1/../../../../arm-none-eabi/lib/thumb/v7-m/nofp\libc_nano.a(libc_a-mallocr.o)
                0x0800926c                _malloc_r
 .text.__malloc_lock
                0x0800936c        0xc C:/ST/STM32CubeIDE_1.18.1/STM32CubeIDE/plugins/com.st.stm32cube.ide.mcu.externaltools.gnu-tools-for-stm32.13.3.rel1.win32_1.0.0.202411081344/tools/bin/../lib/gcc/arm-none-eabi/13.3.1/../../../../arm-none-eabi/lib/thumb/v7-m/nofp\libc_nano.a(libc_a-mlock.o)
                0x0800936c                __malloc_lock
 .text.__malloc_unlock
                0x08009378        0xc C:/ST/STM32CubeIDE_1.18.1/STM32CubeIDE/plugins/com.st.stm32cube.ide.mcu.externaltools.gnu-tools-for-stm32.13.3.rel1.win32_1.0.0.202411081344/tools/bin/../lib/gcc/arm-none-eabi/13.3.1/../../../../arm-none-eabi/lib/thumb/v7-m/nofp\libc_nano.a(libc_a-mlock.o)
                0x08009378                __malloc_unlock
 .text.__sflush_r
                0x08009384      0x100 C:/ST/STM32CubeIDE_1.18.1/STM32CubeIDE/plugins/com.st.stm32cube.ide.mcu.externaltools.gnu-tools-for-stm32.13.3.rel1.win32_1.0.0.202411081344/tools/bin/../lib/gcc/arm-none-eabi/13.3.1/../../../../arm-none-eabi/lib/thumb/v7-m/nofp\libc_nano.a(libc_a-fflush.o)
                0x08009384                __sflush_r
 .text._fflush_r
                0x08009484       0x50 C:/ST/STM32CubeIDE_1.18.1/STM32CubeIDE/plugins/com.st.stm32cube.ide.mcu.externaltools.gnu-tools-for-stm32.13.3.rel1.win32_1.0.0.202411081344/tools/bin/../lib/gcc/arm-none-eabi/13.3.1/../../../../arm-none-eabi/lib/thumb/v7-m/nofp\libc_nano.a(libc_a-fflush.o)
                0x08009484                _fflush_r
 .text.fflush   0x080094d4       0x28 C:/ST/STM32CubeIDE_1.18.1/STM32CubeIDE/plugins/com.st.stm32cube.ide.mcu.externaltools.gnu-tools-for-stm32.13.3.rel1.win32_1.0.0.202411081344/tools/bin/../lib/gcc/arm-none-eabi/13.3.1/../../../../arm-none-eabi/lib/thumb/v7-m/nofp\libc_nano.a(libc_a-fflush.o)
                0x080094d4                fflush
 .text.std      0x080094fc       0x6c C:/ST/STM32CubeIDE_1.18.1/STM32CubeIDE/plugins/com.st.stm32cube.ide.mcu.externaltools.gnu-tools-for-stm32.13.3.rel1.win32_1.0.0.202411081344/tools/bin/../lib/gcc/arm-none-eabi/13.3.1/../../../../arm-none-eabi/lib/thumb/v7-m/nofp\libc_nano.a(libc_a-findfp.o)
 .text.stdio_exit_handler
                0x08009568       0x18 C:/ST/STM32CubeIDE_1.18.1/STM32CubeIDE/plugins/com.st.stm32cube.ide.mcu.externaltools.gnu-tools-for-stm32.13.3.rel1.win32_1.0.0.202411081344/tools/bin/../lib/gcc/arm-none-eabi/13.3.1/../../../../arm-none-eabi/lib/thumb/v7-m/nofp\libc_nano.a(libc_a-findfp.o)
 .text.cleanup_stdio
                0x08009580       0x40 C:/ST/STM32CubeIDE_1.18.1/STM32CubeIDE/plugins/com.st.stm32cube.ide.mcu.externaltools.gnu-tools-for-stm32.13.3.rel1.win32_1.0.0.202411081344/tools/bin/../lib/gcc/arm-none-eabi/13.3.1/../../../../arm-none-eabi/lib/thumb/v7-m/nofp\libc_nano.a(libc_a-findfp.o)
 .text.global_stdio_init.part.0
                0x080095c0       0x3c C:/ST/STM32CubeIDE_1.18.1/STM32CubeIDE/plugins/com.st.stm32cube.ide.mcu.externaltools.gnu-tools-for-stm32.13.3.rel1.win32_1.0.0.202411081344/tools/bin/../lib/gcc/arm-none-eabi/13.3.1/../../../../arm-none-eabi/lib/thumb/v7-m/nofp\libc_nano.a(libc_a-findfp.o)
 .text.__sfp_lock_acquire
                0x080095fc        0xc C:/ST/STM32CubeIDE_1.18.1/STM32CubeIDE/plugins/com.st.stm32cube.ide.mcu.externaltools.gnu-tools-for-stm32.13.3.rel1.win32_1.0.0.202411081344/tools/bin/../lib/gcc/arm-none-eabi/13.3.1/../../../../arm-none-eabi/lib/thumb/v7-m/nofp\libc_nano.a(libc_a-findfp.o)
                0x080095fc                __sfp_lock_acquire
 .text.__sfp_lock_release
                0x08009608        0xc C:/ST/STM32CubeIDE_1.18.1/STM32CubeIDE/plugins/com.st.stm32cube.ide.mcu.externaltools.gnu-tools-for-stm32.13.3.rel1.win32_1.0.0.202411081344/tools/bin/../lib/gcc/arm-none-eabi/13.3.1/../../../../arm-none-eabi/lib/thumb/v7-m/nofp\libc_nano.a(libc_a-findfp.o)
                0x08009608                __sfp_lock_release
 .text.__sinit  0x08009614       0x30 C:/ST/STM32CubeIDE_1.18.1/STM32CubeIDE/plugins/com.st.stm32cube.ide.mcu.externaltools.gnu-tools-for-stm32.13.3.rel1.win32_1.0.0.202411081344/tools/bin/../lib/gcc/arm-none-eabi/13.3.1/../../../../arm-none-eabi/lib/thumb/v7-m/nofp\libc_nano.a(libc_a-findfp.o)
                0x08009614                __sinit
 .text._fwalk_sglue
                0x08009644       0x3c C:/ST/STM32CubeIDE_1.18.1/STM32CubeIDE/plugins/com.st.stm32cube.ide.mcu.externaltools.gnu-tools-for-stm32.13.3.rel1.win32_1.0.0.202411081344/tools/bin/../lib/gcc/arm-none-eabi/13.3.1/../../../../arm-none-eabi/lib/thumb/v7-m/nofp\libc_nano.a(libc_a-fwalk.o)
                0x08009644                _fwalk_sglue
 .text.printf   0x08009680       0x24 C:/ST/STM32CubeIDE_1.18.1/STM32CubeIDE/plugins/com.st.stm32cube.ide.mcu.externaltools.gnu-tools-for-stm32.13.3.rel1.win32_1.0.0.202411081344/tools/bin/../lib/gcc/arm-none-eabi/13.3.1/../../../../arm-none-eabi/lib/thumb/v7-m/nofp\libc_nano.a(libc_a-printf.o)
                0x08009680                iprintf
                0x08009680                printf
 .text._puts_r  0x080096a4       0xaa C:/ST/STM32CubeIDE_1.18.1/STM32CubeIDE/plugins/com.st.stm32cube.ide.mcu.externaltools.gnu-tools-for-stm32.13.3.rel1.win32_1.0.0.202411081344/tools/bin/../lib/gcc/arm-none-eabi/13.3.1/../../../../arm-none-eabi/lib/thumb/v7-m/nofp\libc_nano.a(libc_a-puts.o)
                0x080096a4                _puts_r
 *fill*         0x0800974e        0x2 
 .text.puts     0x08009750       0x10 C:/ST/STM32CubeIDE_1.18.1/STM32CubeIDE/plugins/com.st.stm32cube.ide.mcu.externaltools.gnu-tools-for-stm32.13.3.rel1.win32_1.0.0.202411081344/tools/bin/../lib/gcc/arm-none-eabi/13.3.1/../../../../arm-none-eabi/lib/thumb/v7-m/nofp\libc_nano.a(libc_a-puts.o)
                0x08009750                puts
 .text.__sread  0x08009760       0x22 C:/ST/STM32CubeIDE_1.18.1/STM32CubeIDE/plugins/com.st.stm32cube.ide.mcu.externaltools.gnu-tools-for-stm32.13.3.rel1.win32_1.0.0.202411081344/tools/bin/../lib/gcc/arm-none-eabi/13.3.1/../../../../arm-none-eabi/lib/thumb/v7-m/nofp\libc_nano.a(libc_a-stdio.o)
                0x08009760                __sread
 .text.__swrite
                0x08009782       0x38 C:/ST/STM32CubeIDE_1.18.1/STM32CubeIDE/plugins/com.st.stm32cube.ide.mcu.externaltools.gnu-tools-for-stm32.13.3.rel1.win32_1.0.0.202411081344/tools/bin/../lib/gcc/arm-none-eabi/13.3.1/../../../../arm-none-eabi/lib/thumb/v7-m/nofp\libc_nano.a(libc_a-stdio.o)
                0x08009782                __swrite
 .text.__sseek  0x080097ba       0x24 C:/ST/STM32CubeIDE_1.18.1/STM32CubeIDE/plugins/com.st.stm32cube.ide.mcu.externaltools.gnu-tools-for-stm32.13.3.rel1.win32_1.0.0.202411081344/tools/bin/../lib/gcc/arm-none-eabi/13.3.1/../../../../arm-none-eabi/lib/thumb/v7-m/nofp\libc_nano.a(libc_a-stdio.o)
                0x080097ba                __sseek
 .text.__sclose
                0x080097de        0x8 C:/ST/STM32CubeIDE_1.18.1/STM32CubeIDE/plugins/com.st.stm32cube.ide.mcu.externaltools.gnu-tools-for-stm32.13.3.rel1.win32_1.0.0.202411081344/tools/bin/../lib/gcc/arm-none-eabi/13.3.1/../../../../arm-none-eabi/lib/thumb/v7-m/nofp\libc_nano.a(libc_a-stdio.o)
                0x080097de                __sclose
 .text.__swbuf_r
                0x080097e6       0x7c C:/ST/STM32CubeIDE_1.18.1/STM32CubeIDE/plugins/com.st.stm32cube.ide.mcu.externaltools.gnu-tools-for-stm32.13.3.rel1.win32_1.0.0.202411081344/tools/bin/../lib/gcc/arm-none-eabi/13.3.1/../../../../arm-none-eabi/lib/thumb/v7-m/nofp\libc_nano.a(libc_a-wbuf.o)
                0x080097e6                __swbuf_r
 *fill*         0x08009862        0x2 
 .text.__swsetup_r
                0x08009864       0xac C:/ST/STM32CubeIDE_1.18.1/STM32CubeIDE/plugins/com.st.stm32cube.ide.mcu.externaltools.gnu-tools-for-stm32.13.3.rel1.win32_1.0.0.202411081344/tools/bin/../lib/gcc/arm-none-eabi/13.3.1/../../../../arm-none-eabi/lib/thumb/v7-m/nofp\libc_nano.a(libc_a-wsetup.o)
                0x08009864                __swsetup_r
 .text.memmove  0x08009910       0x34 C:/ST/STM32CubeIDE_1.18.1/STM32CubeIDE/plugins/com.st.stm32cube.ide.mcu.externaltools.gnu-tools-for-stm32.13.3.rel1.win32_1.0.0.202411081344/tools/bin/../lib/gcc/arm-none-eabi/13.3.1/../../../../arm-none-eabi/lib/thumb/v7-m/nofp\libc_nano.a(libc_a-memmove.o)
                0x08009910                memmove
 .text.memset   0x08009944       0x10 C:/ST/STM32CubeIDE_1.18.1/STM32CubeIDE/plugins/com.st.stm32cube.ide.mcu.externaltools.gnu-tools-for-stm32.13.3.rel1.win32_1.0.0.202411081344/tools/bin/../lib/gcc/arm-none-eabi/13.3.1/../../../../arm-none-eabi/lib/thumb/v7-m/nofp\libc_nano.a(libc_a-memset.o)
                0x08009944                memset
 .text._close_r
                0x08009954       0x20 C:/ST/STM32CubeIDE_1.18.1/STM32CubeIDE/plugins/com.st.stm32cube.ide.mcu.externaltools.gnu-tools-for-stm32.13.3.rel1.win32_1.0.0.202411081344/tools/bin/../lib/gcc/arm-none-eabi/13.3.1/../../../../arm-none-eabi/lib/thumb/v7-m/nofp\libc_nano.a(libc_a-closer.o)
                0x08009954                _close_r
 .text._lseek_r
                0x08009974       0x24 C:/ST/STM32CubeIDE_1.18.1/STM32CubeIDE/plugins/com.st.stm32cube.ide.mcu.externaltools.gnu-tools-for-stm32.13.3.rel1.win32_1.0.0.202411081344/tools/bin/../lib/gcc/arm-none-eabi/13.3.1/../../../../arm-none-eabi/lib/thumb/v7-m/nofp\libc_nano.a(libc_a-lseekr.o)
                0x08009974                _lseek_r
 .text._read_r  0x08009998       0x24 C:/ST/STM32CubeIDE_1.18.1/STM32CubeIDE/plugins/com.st.stm32cube.ide.mcu.externaltools.gnu-tools-for-stm32.13.3.rel1.win32_1.0.0.202411081344/tools/bin/../lib/gcc/arm-none-eabi/13.3.1/../../../../arm-none-eabi/lib/thumb/v7-m/nofp\libc_nano.a(libc_a-readr.o)
                0x08009998                _read_r
 .text._sbrk_r  0x080099bc       0x20 C:/ST/STM32CubeIDE_1.18.1/STM32CubeIDE/plugins/com.st.stm32cube.ide.mcu.externaltools.gnu-tools-for-stm32.13.3.rel1.win32_1.0.0.202411081344/tools/bin/../lib/gcc/arm-none-eabi/13.3.1/../../../../arm-none-eabi/lib/thumb/v7-m/nofp\libc_nano.a(libc_a-sbrkr.o)
                0x080099bc                _sbrk_r
 .text._write_r
                0x080099dc       0x24 C:/ST/STM32CubeIDE_1.18.1/STM32CubeIDE/plugins/com.st.stm32cube.ide.mcu.externaltools.gnu-tools-for-stm32.13.3.rel1.win32_1.0.0.202411081344/tools/bin/../lib/gcc/arm-none-eabi/13.3.1/../../../../arm-none-eabi/lib/thumb/v7-m/nofp\libc_nano.a(libc_a-writer.o)
                0x080099dc                _write_r
 .text.__errno  0x08009a00        0xc C:/ST/STM32CubeIDE_1.18.1/STM32CubeIDE/plugins/com.st.stm32cube.ide.mcu.externaltools.gnu-tools-for-stm32.13.3.rel1.win32_1.0.0.202411081344/tools/bin/../lib/gcc/arm-none-eabi/13.3.1/../../../../arm-none-eabi/lib/thumb/v7-m/nofp\libc_nano.a(libc_a-errno.o)
                0x08009a00                __errno
 .text.__libc_init_array
                0x08009a0c       0x48 C:/ST/STM32CubeIDE_1.18.1/STM32CubeIDE/plugins/com.st.stm32cube.ide.mcu.externaltools.gnu-tools-for-stm32.13.3.rel1.win32_1.0.0.202411081344/tools/bin/../lib/gcc/arm-none-eabi/13.3.1/../../../../arm-none-eabi/lib/thumb/v7-m/nofp\libc_nano.a(libc_a-init.o)
                0x08009a0c                __libc_init_array
 .text.__retarget_lock_init_recursive
                0x08009a54        0x2 C:/ST/STM32CubeIDE_1.18.1/STM32CubeIDE/plugins/com.st.stm32cube.ide.mcu.externaltools.gnu-tools-for-stm32.13.3.rel1.win32_1.0.0.202411081344/tools/bin/../lib/gcc/arm-none-eabi/13.3.1/../../../../arm-none-eabi/lib/thumb/v7-m/nofp\libc_nano.a(libc_a-lock.o)
                0x08009a54                __retarget_lock_init_recursive
 .text.__retarget_lock_acquire_recursive
                0x08009a56        0x2 C:/ST/STM32CubeIDE_1.18.1/STM32CubeIDE/plugins/com.st.stm32cube.ide.mcu.externaltools.gnu-tools-for-stm32.13.3.rel1.win32_1.0.0.202411081344/tools/bin/../lib/gcc/arm-none-eabi/13.3.1/../../../../arm-none-eabi/lib/thumb/v7-m/nofp\libc_nano.a(libc_a-lock.o)
                0x08009a56                __retarget_lock_acquire_recursive
 .text.__retarget_lock_release_recursive
                0x08009a58        0x2 C:/ST/STM32CubeIDE_1.18.1/STM32CubeIDE/plugins/com.st.stm32cube.ide.mcu.externaltools.gnu-tools-for-stm32.13.3.rel1.win32_1.0.0.202411081344/tools/bin/../lib/gcc/arm-none-eabi/13.3.1/../../../../arm-none-eabi/lib/thumb/v7-m/nofp\libc_nano.a(libc_a-lock.o)
                0x08009a58                __retarget_lock_release_recursive
 .text.memcpy   0x08009a5a       0x1c C:/ST/STM32CubeIDE_1.18.1/STM32CubeIDE/plugins/com.st.stm32cube.ide.mcu.externaltools.gnu-tools-for-stm32.13.3.rel1.win32_1.0.0.202411081344/tools/bin/../lib/gcc/arm-none-eabi/13.3.1/../../../../arm-none-eabi/lib/thumb/v7-m/nofp\libc_nano.a(libc_a-memcpy-stub.o)
                0x08009a5a                memcpy
 *fill*         0x08009a76        0x2 
 .text._free_r  0x08009a78       0x90 C:/ST/STM32CubeIDE_1.18.1/STM32CubeIDE/plugins/com.st.stm32cube.ide.mcu.externaltools.gnu-tools-for-stm32.13.3.rel1.win32_1.0.0.202411081344/tools/bin/../lib/gcc/arm-none-eabi/13.3.1/../../../../arm-none-eabi/lib/thumb/v7-m/nofp\libc_nano.a(libc_a-freer.o)
                0x08009a78                _free_r
 .text.__sfputc_r
                0x08009b08       0x2a C:/ST/STM32CubeIDE_1.18.1/STM32CubeIDE/plugins/com.st.stm32cube.ide.mcu.externaltools.gnu-tools-for-stm32.13.3.rel1.win32_1.0.0.202411081344/tools/bin/../lib/gcc/arm-none-eabi/13.3.1/../../../../arm-none-eabi/lib/thumb/v7-m/nofp\libc_nano.a(libc_a-nano-vfprintf.o)
 .text.__sfputs_r
                0x08009b32       0x24 C:/ST/STM32CubeIDE_1.18.1/STM32CubeIDE/plugins/com.st.stm32cube.ide.mcu.externaltools.gnu-tools-for-stm32.13.3.rel1.win32_1.0.0.202411081344/tools/bin/../lib/gcc/arm-none-eabi/13.3.1/../../../../arm-none-eabi/lib/thumb/v7-m/nofp\libc_nano.a(libc_a-nano-vfprintf.o)
                0x08009b32                __sfputs_r
 *fill*         0x08009b56        0x2 
 .text._vfprintf_r
                0x08009b58      0x230 C:/ST/STM32CubeIDE_1.18.1/STM32CubeIDE/plugins/com.st.stm32cube.ide.mcu.externaltools.gnu-tools-for-stm32.13.3.rel1.win32_1.0.0.202411081344/tools/bin/../lib/gcc/arm-none-eabi/13.3.1/../../../../arm-none-eabi/lib/thumb/v7-m/nofp\libc_nano.a(libc_a-nano-vfprintf.o)
                0x08009b58                _vfprintf_r
                0x08009b58                _vfiprintf_r
 .text._printf_common
                0x08009d88       0xe4 C:/ST/STM32CubeIDE_1.18.1/STM32CubeIDE/plugins/com.st.stm32cube.ide.mcu.externaltools.gnu-tools-for-stm32.13.3.rel1.win32_1.0.0.202411081344/tools/bin/../lib/gcc/arm-none-eabi/13.3.1/../../../../arm-none-eabi/lib/thumb/v7-m/nofp\libc_nano.a(libc_a-nano-vfprintf_i.o)
                0x08009d88                _printf_common
 .text._printf_i
                0x08009e6c      0x23c C:/ST/STM32CubeIDE_1.18.1/STM32CubeIDE/plugins/com.st.stm32cube.ide.mcu.externaltools.gnu-tools-for-stm32.13.3.rel1.win32_1.0.0.202411081344/tools/bin/../lib/gcc/arm-none-eabi/13.3.1/../../../../arm-none-eabi/lib/thumb/v7-m/nofp\libc_nano.a(libc_a-nano-vfprintf_i.o)
                0x08009e6c                _printf_i
 .text.__swhatbuf_r
                0x0800a0a8       0x4a C:/ST/STM32CubeIDE_1.18.1/STM32CubeIDE/plugins/com.st.stm32cube.ide.mcu.externaltools.gnu-tools-for-stm32.13.3.rel1.win32_1.0.0.202411081344/tools/bin/../lib/gcc/arm-none-eabi/13.3.1/../../../../arm-none-eabi/lib/thumb/v7-m/nofp\libc_nano.a(libc_a-makebuf.o)
                0x0800a0a8                __swhatbuf_r
 .text.__smakebuf_r
                0x0800a0f2       0x78 C:/ST/STM32CubeIDE_1.18.1/STM32CubeIDE/plugins/com.st.stm32cube.ide.mcu.externaltools.gnu-tools-for-stm32.13.3.rel1.win32_1.0.0.202411081344/tools/bin/../lib/gcc/arm-none-eabi/13.3.1/../../../../arm-none-eabi/lib/thumb/v7-m/nofp\libc_nano.a(libc_a-makebuf.o)
                0x0800a0f2                __smakebuf_r
 *fill*         0x0800a16a        0x2 
 .text._fstat_r
                0x0800a16c       0x24 C:/ST/STM32CubeIDE_1.18.1/STM32CubeIDE/plugins/com.st.stm32cube.ide.mcu.externaltools.gnu-tools-for-stm32.13.3.rel1.win32_1.0.0.202411081344/tools/bin/../lib/gcc/arm-none-eabi/13.3.1/../../../../arm-none-eabi/lib/thumb/v7-m/nofp\libc_nano.a(libc_a-fstatr.o)
                0x0800a16c                _fstat_r
 .text._isatty_r
                0x0800a190       0x20 C:/ST/STM32CubeIDE_1.18.1/STM32CubeIDE/plugins/com.st.stm32cube.ide.mcu.externaltools.gnu-tools-for-stm32.13.3.rel1.win32_1.0.0.202411081344/tools/bin/../lib/gcc/arm-none-eabi/13.3.1/../../../../arm-none-eabi/lib/thumb/v7-m/nofp\libc_nano.a(libc_a-isattyr.o)
                0x0800a190                _isatty_r
 .text.memchr   0x0800a1b0       0x1c C:/ST/STM32CubeIDE_1.18.1/STM32CubeIDE/plugins/com.st.stm32cube.ide.mcu.externaltools.gnu-tools-for-stm32.13.3.rel1.win32_1.0.0.202411081344/tools/bin/../lib/gcc/arm-none-eabi/13.3.1/../../../../arm-none-eabi/lib/thumb/v7-m/nofp\libc_nano.a(libc_a-memchr-stub.o)
                0x0800a1b0                memchr
 *(.glue_7)
 .glue_7        0x0800a1cc        0x0 linker stubs
 *(.glue_7t)
 .glue_7t       0x0800a1cc        0x0 linker stubs
 *(.eh_frame)
 .eh_frame      0x0800a1cc        0x0 C:/ST/STM32CubeIDE_1.18.1/STM32CubeIDE/plugins/com.st.stm32cube.ide.mcu.externaltools.gnu-tools-for-stm32.13.3.rel1.win32_1.0.0.202411081344/tools/bin/../lib/gcc/arm-none-eabi/13.3.1/thumb/v7-m/nofp/crtbegin.o
 *(.init)
 .init          0x0800a1cc        0x4 C:/ST/STM32CubeIDE_1.18.1/STM32CubeIDE/plugins/com.st.stm32cube.ide.mcu.externaltools.gnu-tools-for-stm32.13.3.rel1.win32_1.0.0.202411081344/tools/bin/../lib/gcc/arm-none-eabi/13.3.1/thumb/v7-m/nofp/crti.o
                0x0800a1cc                _init
 .init          0x0800a1d0        0x8 C:/ST/STM32CubeIDE_1.18.1/STM32CubeIDE/plugins/com.st.stm32cube.ide.mcu.externaltools.gnu-tools-for-stm32.13.3.rel1.win32_1.0.0.202411081344/tools/bin/../lib/gcc/arm-none-eabi/13.3.1/thumb/v7-m/nofp/crtn.o
 *(.fini)
 .fini          0x0800a1d8        0x4 C:/ST/STM32CubeIDE_1.18.1/STM32CubeIDE/plugins/com.st.stm32cube.ide.mcu.externaltools.gnu-tools-for-stm32.13.3.rel1.win32_1.0.0.202411081344/tools/bin/../lib/gcc/arm-none-eabi/13.3.1/thumb/v7-m/nofp/crti.o
                0x0800a1d8                _fini
 .fini          0x0800a1dc        0x8 C:/ST/STM32CubeIDE_1.18.1/STM32CubeIDE/plugins/com.st.stm32cube.ide.mcu.externaltools.gnu-tools-for-stm32.13.3.rel1.win32_1.0.0.202411081344/tools/bin/../lib/gcc/arm-none-eabi/13.3.1/thumb/v7-m/nofp/crtn.o
                0x0800a1e4                        . = ALIGN (0x4)
                0x0800a1e4                        _etext = .

.vfp11_veneer   0x0800a1e4        0x0
 .vfp11_veneer  0x0800a1e4        0x0 linker stubs

.v4_bx          0x0800a1e4        0x0
 .v4_bx         0x0800a1e4        0x0 linker stubs

.iplt           0x0800a1e4        0x0
 .iplt          0x0800a1e4        0x0 C:/ST/STM32CubeIDE_1.18.1/STM32CubeIDE/plugins/com.st.stm32cube.ide.mcu.externaltools.gnu-tools-for-stm32.13.3.rel1.win32_1.0.0.202411081344/tools/bin/../lib/gcc/arm-none-eabi/13.3.1/thumb/v7-m/nofp/crtbegin.o

.rodata         0x0800a1e4      0x934
                0x0800a1e4                        . = ALIGN (0x4)
 *(.rodata)
 .rodata        0x0800a1e4      0x1c5 ./CANopenNode_STM32/CO_app_STM32.o
 *(.rodata*)
 *fill*         0x0800a3a9        0x3 
 .rodata.abortCodes.0
                0x0800a3ac       0x68 ./CANopenNode/301/CO_ODinterface.o
 .rodata.CO_LSS_bitTimingTableLookup
                0x0800a414       0x14 ./CANopenNode/305/CO_LSSslave.o
 .rodata.ODObjs
                0x0800a428      0x698 ./CANopenNode_STM32/OD.o
 .rodata.AHBPrescTable
                0x0800aac0       0x10 ./Core/Src/system_stm32f1xx.o
                0x0800aac0                AHBPrescTable
 .rodata.aPLLMULFactorTable.1
                0x0800aad0       0x10 ./Drivers/STM32F1xx_HAL_Driver/Src/stm32f1xx_hal_rcc.o
 .rodata.aPredivFactorTable.0
                0x0800aae0        0x2 ./Drivers/STM32F1xx_HAL_Driver/Src/stm32f1xx_hal_rcc.o
 .rodata._vfprintf_r.str1.1
                0x0800aae2       0x33 C:/ST/STM32CubeIDE_1.18.1/STM32CubeIDE/plugins/com.st.stm32cube.ide.mcu.externaltools.gnu-tools-for-stm32.13.3.rel1.win32_1.0.0.202411081344/tools/bin/../lib/gcc/arm-none-eabi/13.3.1/../../../../arm-none-eabi/lib/thumb/v7-m/nofp\libc_nano.a(libc_a-nano-vfprintf.o)
                                 0x11 (size before relaxing)
 .rodata._printf_i.str1.1
                0x0800ab15       0x22 C:/ST/STM32CubeIDE_1.18.1/STM32CubeIDE/plugins/com.st.stm32cube.ide.mcu.externaltools.gnu-tools-for-stm32.13.3.rel1.win32_1.0.0.202411081344/tools/bin/../lib/gcc/arm-none-eabi/13.3.1/../../../../arm-none-eabi/lib/thumb/v7-m/nofp\libc_nano.a(libc_a-nano-vfprintf_i.o)
                0x0800ab38                        . = ALIGN (0x4)
 *fill*         0x0800ab15        0x3 

.ARM.extab      0x0800ab18        0x0
                0x0800ab18                        . = ALIGN (0x4)
 *(.ARM.extab* .gnu.linkonce.armextab.*)
                0x0800ab18                        . = ALIGN (0x4)

.ARM            0x0800ab18        0x8
                0x0800ab18                        . = ALIGN (0x4)
                0x0800ab18                        __exidx_start = .
 *(.ARM.exidx*)
 .ARM.exidx     0x0800ab18        0x8 C:/ST/STM32CubeIDE_1.18.1/STM32CubeIDE/plugins/com.st.stm32cube.ide.mcu.externaltools.gnu-tools-for-stm32.13.3.rel1.win32_1.0.0.202411081344/tools/bin/../lib/gcc/arm-none-eabi/13.3.1/../../../../arm-none-eabi/lib/thumb/v7-m/nofp\libc_nano.a(libc_a-strlen.o)
                0x0800ab20                        __exidx_end = .
                0x0800ab20                        . = ALIGN (0x4)

.preinit_array  0x0800ab20        0x0
                0x0800ab20                        . = ALIGN (0x4)
                0x0800ab20                        PROVIDE (__preinit_array_start = .)
 *(.preinit_array*)
                0x0800ab20                        PROVIDE (__preinit_array_end = .)
                0x0800ab20                        . = ALIGN (0x4)

.init_array     0x0800ab20        0x4
                0x0800ab20                        . = ALIGN (0x4)
                0x0800ab20                        PROVIDE (__init_array_start = .)
 *(SORT_BY_NAME(.init_array.*))
 *(.init_array*)
 .init_array    0x0800ab20        0x4 C:/ST/STM32CubeIDE_1.18.1/STM32CubeIDE/plugins/com.st.stm32cube.ide.mcu.externaltools.gnu-tools-for-stm32.13.3.rel1.win32_1.0.0.202411081344/tools/bin/../lib/gcc/arm-none-eabi/13.3.1/thumb/v7-m/nofp/crtbegin.o
                0x0800ab24                        PROVIDE (__init_array_end = .)
                0x0800ab24                        . = ALIGN (0x4)

.fini_array     0x0800ab24        0x4
                0x0800ab24                        . = ALIGN (0x4)
                [!provide]                        PROVIDE (__fini_array_start = .)
 *(SORT_BY_NAME(.fini_array.*))
 *(.fini_array*)
 .fini_array    0x0800ab24        0x4 C:/ST/STM32CubeIDE_1.18.1/STM32CubeIDE/plugins/com.st.stm32cube.ide.mcu.externaltools.gnu-tools-for-stm32.13.3.rel1.win32_1.0.0.202411081344/tools/bin/../lib/gcc/arm-none-eabi/13.3.1/thumb/v7-m/nofp/crtbegin.o
                [!provide]                        PROVIDE (__fini_array_end = .)
                0x0800ab28                        . = ALIGN (0x4)
                0x0800ab28                        _sidata = LOADADDR (.data)

.rel.dyn        0x0800ab28        0x0
 .rel.iplt      0x0800ab28        0x0 C:/ST/STM32CubeIDE_1.18.1/STM32CubeIDE/plugins/com.st.stm32cube.ide.mcu.externaltools.gnu-tools-for-stm32.13.3.rel1.win32_1.0.0.202411081344/tools/bin/../lib/gcc/arm-none-eabi/13.3.1/thumb/v7-m/nofp/crtbegin.o

.data           0x20000000      0x438 load address 0x0800ab28
                0x20000000                        . = ALIGN (0x4)
                0x20000000                        _sdata = .
 *(.data)
 *(.data*)
 .data.OD_PERSIST_COMM
                0x20000000      0x1f8 ./CANopenNode_STM32/OD.o
                0x20000000                OD_PERSIST_COMM
 .data.OD_RAM   0x200001f8       0x34 ./CANopenNode_STM32/OD.o
                0x200001f8                OD_RAM
 .data.ODList   0x2000022c      0x198 ./CANopenNode_STM32/OD.o
 .data._OD      0x200003c4        0x8 ./CANopenNode_STM32/OD.o
 .data.OD       0x200003cc        0x4 ./CANopenNode_STM32/OD.o
                0x200003cc                OD
 .data.SystemCoreClock
                0x200003d0        0x4 ./Core/Src/system_stm32f1xx.o
                0x200003d0                SystemCoreClock
 .data.uwTickPrio
                0x200003d4        0x4 ./Drivers/STM32F1xx_HAL_Driver/Src/stm32f1xx_hal.o
                0x200003d4                uwTickPrio
 .data.uwTickFreq
                0x200003d8        0x1 ./Drivers/STM32F1xx_HAL_Driver/Src/stm32f1xx_hal.o
                0x200003d8                uwTickFreq
 *fill*         0x200003d9        0x3 
 .data.__sglue  0x200003dc        0xc C:/ST/STM32CubeIDE_1.18.1/STM32CubeIDE/plugins/com.st.stm32cube.ide.mcu.externaltools.gnu-tools-for-stm32.13.3.rel1.win32_1.0.0.202411081344/tools/bin/../lib/gcc/arm-none-eabi/13.3.1/../../../../arm-none-eabi/lib/thumb/v7-m/nofp\libc_nano.a(libc_a-findfp.o)
                0x200003dc                __sglue
 .data._impure_ptr
                0x200003e8        0x4 C:/ST/STM32CubeIDE_1.18.1/STM32CubeIDE/plugins/com.st.stm32cube.ide.mcu.externaltools.gnu-tools-for-stm32.13.3.rel1.win32_1.0.0.202411081344/tools/bin/../lib/gcc/arm-none-eabi/13.3.1/../../../../arm-none-eabi/lib/thumb/v7-m/nofp\libc_nano.a(libc_a-impure.o)
                0x200003e8                _impure_ptr
 .data._impure_data
                0x200003ec       0x4c C:/ST/STM32CubeIDE_1.18.1/STM32CubeIDE/plugins/com.st.stm32cube.ide.mcu.externaltools.gnu-tools-for-stm32.13.3.rel1.win32_1.0.0.202411081344/tools/bin/../lib/gcc/arm-none-eabi/13.3.1/../../../../arm-none-eabi/lib/thumb/v7-m/nofp\libc_nano.a(libc_a-impure.o)
                0x200003ec                _impure_data
 *(.RamFunc)
 *(.RamFunc*)
                0x20000438                        . = ALIGN (0x4)
                0x20000438                        _edata = .

.igot.plt       0x20000438        0x0 load address 0x0800af60
 .igot.plt      0x20000438        0x0 C:/ST/STM32CubeIDE_1.18.1/STM32CubeIDE/plugins/com.st.stm32cube.ide.mcu.externaltools.gnu-tools-for-stm32.13.3.rel1.win32_1.0.0.202411081344/tools/bin/../lib/gcc/arm-none-eabi/13.3.1/thumb/v7-m/nofp/crtbegin.o
                0x20000438                        . = ALIGN (0x4)

.bss            0x20000438      0x22c load address 0x0800af60
                0x20000438                        _sbss = .
                0x20000438                        __bss_start__ = _sbss
 *(.bss)
 .bss           0x20000438       0x1c C:/ST/STM32CubeIDE_1.18.1/STM32CubeIDE/plugins/com.st.stm32cube.ide.mcu.externaltools.gnu-tools-for-stm32.13.3.rel1.win32_1.0.0.202411081344/tools/bin/../lib/gcc/arm-none-eabi/13.3.1/thumb/v7-m/nofp/crtbegin.o
 *(.bss*)
 .bss.canopenNodeSTM32
                0x20000454        0x4 ./CANopenNode_STM32/CO_app_STM32.o
                0x20000454                canopenNodeSTM32
 .bss.CO        0x20000458        0x4 ./CANopenNode_STM32/CO_app_STM32.o
                0x20000458                CO
 .bss.time_old  0x2000045c        0x4 ./CANopenNode_STM32/CO_app_STM32.o
                0x2000045c                time_old
 .bss.time_current
                0x20000460        0x4 ./CANopenNode_STM32/CO_app_STM32.o
                0x20000460                time_current
 .bss.err       0x20000464        0x1 ./CANopenNode_STM32/CO_app_STM32.o
                0x20000464                err
 *fill*         0x20000465        0x3 
 .bss.CANModule_local
                0x20000468        0x4 ./CANopenNode_STM32/CO_driver_STM32.o
 .bss.tx_hdr.1  0x2000046c       0x18 ./CANopenNode_STM32/CO_driver_STM32.o
 .bss.rx_hdr.0  0x20000484       0x1c ./CANopenNode_STM32/CO_driver_STM32.o
 .bss.hcan      0x200004a0       0x28 ./Core/Src/can.o
                0x200004a0                hcan
 .bss.__sbrk_heap_end
                0x200004c8        0x4 ./Core/Src/sysmem.o
 .bss.htim6     0x200004cc       0x48 ./Core/Src/tim.o
                0x200004cc                htim6
 .bss.uwTick    0x20000514        0x4 ./Drivers/STM32F1xx_HAL_Driver/Src/stm32f1xx_hal.o
                0x20000514                uwTick
 .bss.__malloc_sbrk_start
                0x20000518        0x4 C:/ST/STM32CubeIDE_1.18.1/STM32CubeIDE/plugins/com.st.stm32cube.ide.mcu.externaltools.gnu-tools-for-stm32.13.3.rel1.win32_1.0.0.202411081344/tools/bin/../lib/gcc/arm-none-eabi/13.3.1/../../../../arm-none-eabi/lib/thumb/v7-m/nofp\libc_nano.a(libc_a-mallocr.o)
                0x20000518                __malloc_sbrk_start
 .bss.__malloc_free_list
                0x2000051c        0x4 C:/ST/STM32CubeIDE_1.18.1/STM32CubeIDE/plugins/com.st.stm32cube.ide.mcu.externaltools.gnu-tools-for-stm32.13.3.rel1.win32_1.0.0.202411081344/tools/bin/../lib/gcc/arm-none-eabi/13.3.1/../../../../arm-none-eabi/lib/thumb/v7-m/nofp\libc_nano.a(libc_a-mallocr.o)
                0x2000051c                __malloc_free_list
 .bss.__sf      0x20000520      0x138 C:/ST/STM32CubeIDE_1.18.1/STM32CubeIDE/plugins/com.st.stm32cube.ide.mcu.externaltools.gnu-tools-for-stm32.13.3.rel1.win32_1.0.0.202411081344/tools/bin/../lib/gcc/arm-none-eabi/13.3.1/../../../../arm-none-eabi/lib/thumb/v7-m/nofp\libc_nano.a(libc_a-findfp.o)
                0x20000520                __sf
 .bss.__stdio_exit_handler
                0x20000658        0x4 C:/ST/STM32CubeIDE_1.18.1/STM32CubeIDE/plugins/com.st.stm32cube.ide.mcu.externaltools.gnu-tools-for-stm32.13.3.rel1.win32_1.0.0.202411081344/tools/bin/../lib/gcc/arm-none-eabi/13.3.1/../../../../arm-none-eabi/lib/thumb/v7-m/nofp\libc_nano.a(libc_a-findfp.o)
                0x20000658                __stdio_exit_handler
 .bss.errno     0x2000065c        0x4 C:/ST/STM32CubeIDE_1.18.1/STM32CubeIDE/plugins/com.st.stm32cube.ide.mcu.externaltools.gnu-tools-for-stm32.13.3.rel1.win32_1.0.0.202411081344/tools/bin/../lib/gcc/arm-none-eabi/13.3.1/../../../../arm-none-eabi/lib/thumb/v7-m/nofp\libc_nano.a(libc_a-reent.o)
                0x2000065c                errno
 .bss.__lock___malloc_recursive_mutex
                0x20000660        0x1 C:/ST/STM32CubeIDE_1.18.1/STM32CubeIDE/plugins/com.st.stm32cube.ide.mcu.externaltools.gnu-tools-for-stm32.13.3.rel1.win32_1.0.0.202411081344/tools/bin/../lib/gcc/arm-none-eabi/13.3.1/../../../../arm-none-eabi/lib/thumb/v7-m/nofp\libc_nano.a(libc_a-lock.o)
                0x20000660                __lock___malloc_recursive_mutex
 .bss.__lock___sfp_recursive_mutex
                0x20000661        0x1 C:/ST/STM32CubeIDE_1.18.1/STM32CubeIDE/plugins/com.st.stm32cube.ide.mcu.externaltools.gnu-tools-for-stm32.13.3.rel1.win32_1.0.0.202411081344/tools/bin/../lib/gcc/arm-none-eabi/13.3.1/../../../../arm-none-eabi/lib/thumb/v7-m/nofp\libc_nano.a(libc_a-lock.o)
                0x20000661                __lock___sfp_recursive_mutex
 *(COMMON)
                0x20000664                        . = ALIGN (0x4)
 *fill*         0x20000662        0x2 
                0x20000664                        _ebss = .
                0x20000664                        __bss_end__ = _ebss

._user_heap_stack
                0x20000664      0x604 load address 0x0800af60
                0x20000668                        . = ALIGN (0x8)
 *fill*         0x20000664        0x4 
                [!provide]                        PROVIDE (end = .)
                0x20000668                        PROVIDE (_end = .)
                0x20000868                        . = (. + _Min_Heap_Size)
 *fill*         0x20000668      0x200 
                0x20000c68                        . = (. + _Min_Stack_Size)
 *fill*         0x20000868      0x400 
                0x20000c68                        . = ALIGN (0x8)

/DISCARD/
 libc.a(*)
 libm.a(*)
 libgcc.a(*)

.ARM.attributes
                0x00000000       0x29
 *(.ARM.attributes)
 .ARM.attributes
                0x00000000       0x1d C:/ST/STM32CubeIDE_1.18.1/STM32CubeIDE/plugins/com.st.stm32cube.ide.mcu.externaltools.gnu-tools-for-stm32.13.3.rel1.win32_1.0.0.202411081344/tools/bin/../lib/gcc/arm-none-eabi/13.3.1/thumb/v7-m/nofp/crti.o
 .ARM.attributes
                0x0000001d       0x2d C:/ST/STM32CubeIDE_1.18.1/STM32CubeIDE/plugins/com.st.stm32cube.ide.mcu.externaltools.gnu-tools-for-stm32.13.3.rel1.win32_1.0.0.202411081344/tools/bin/../lib/gcc/arm-none-eabi/13.3.1/thumb/v7-m/nofp/crtbegin.o
 .ARM.attributes
                0x0000004a       0x2d ./CANopenNode/301/CO_Emergency.o
 .ARM.attributes
                0x00000077       0x2d ./CANopenNode/301/CO_HBconsumer.o
 .ARM.attributes
                0x000000a4       0x2d ./CANopenNode/301/CO_NMT_Heartbeat.o
 .ARM.attributes
                0x000000d1       0x2d ./CANopenNode/301/CO_ODinterface.o
 .ARM.attributes
                0x000000fe       0x2d ./CANopenNode/301/CO_PDO.o
 .ARM.attributes
                0x0000012b       0x2d ./CANopenNode/301/CO_SDOserver.o
 .ARM.attributes
                0x00000158       0x2d ./CANopenNode/301/CO_SYNC.o
 .ARM.attributes
                0x00000185       0x2d ./CANopenNode/301/CO_TIME.o
 .ARM.attributes
                0x000001b2       0x2d ./CANopenNode/303/CO_LEDs.o
 .ARM.attributes
                0x000001df       0x2d ./CANopenNode/305/CO_LSSslave.o
 .ARM.attributes
                0x0000020c       0x2d ./CANopenNode/CANopen.o
 .ARM.attributes
                0x00000239       0x2d ./CANopenNode_STM32/CO_app_STM32.o
 .ARM.attributes
                0x00000266       0x2d ./CANopenNode_STM32/CO_driver_STM32.o
 .ARM.attributes
                0x00000293       0x2d ./CANopenNode_STM32/OD.o
 .ARM.attributes
                0x000002c0       0x2d ./Core/Src/can.o
 .ARM.attributes
                0x000002ed       0x2d ./Core/Src/gpio.o
 .ARM.attributes
                0x0000031a       0x2d ./Core/Src/main.o
 .ARM.attributes
                0x00000347       0x2d ./Core/Src/stm32f1xx_hal_msp.o
 .ARM.attributes
                0x00000374       0x2d ./Core/Src/stm32f1xx_it.o
 .ARM.attributes
                0x000003a1       0x2d ./Core/Src/syscalls.o
 .ARM.attributes
                0x000003ce       0x2d ./Core/Src/sysmem.o
 .ARM.attributes
                0x000003fb       0x2d ./Core/Src/system_stm32f1xx.o
 .ARM.attributes
                0x00000428       0x2d ./Core/Src/tim.o
 .ARM.attributes
                0x00000455       0x21 ./Core/Startup/startup_stm32f103rctx.o
 .ARM.attributes
                0x00000476       0x2d ./Drivers/STM32F1xx_HAL_Driver/Src/stm32f1xx_hal.o
 .ARM.attributes
                0x000004a3       0x2d ./Drivers/STM32F1xx_HAL_Driver/Src/stm32f1xx_hal_can.o
 .ARM.attributes
                0x000004d0       0x2d ./Drivers/STM32F1xx_HAL_Driver/Src/stm32f1xx_hal_cortex.o
 .ARM.attributes
                0x000004fd       0x2d ./Drivers/STM32F1xx_HAL_Driver/Src/stm32f1xx_hal_gpio.o
 .ARM.attributes
                0x0000052a       0x2d ./Drivers/STM32F1xx_HAL_Driver/Src/stm32f1xx_hal_rcc.o
 .ARM.attributes
                0x00000557       0x2d ./Drivers/STM32F1xx_HAL_Driver/Src/stm32f1xx_hal_tim.o
 .ARM.attributes
                0x00000584       0x2d ./Drivers/STM32F1xx_HAL_Driver/Src/stm32f1xx_hal_tim_ex.o
 .ARM.attributes
                0x000005b1       0x2d C:/ST/STM32CubeIDE_1.18.1/STM32CubeIDE/plugins/com.st.stm32cube.ide.mcu.externaltools.gnu-tools-for-stm32.13.3.rel1.win32_1.0.0.202411081344/tools/bin/../lib/gcc/arm-none-eabi/13.3.1/../../../../arm-none-eabi/lib/thumb/v7-m/nofp\libc_nano.a(libc_a-calloc.o)
 .ARM.attributes
                0x000005de       0x2d C:/ST/STM32CubeIDE_1.18.1/STM32CubeIDE/plugins/com.st.stm32cube.ide.mcu.externaltools.gnu-tools-for-stm32.13.3.rel1.win32_1.0.0.202411081344/tools/bin/../lib/gcc/arm-none-eabi/13.3.1/../../../../arm-none-eabi/lib/thumb/v7-m/nofp\libc_nano.a(libc_a-callocr.o)
 .ARM.attributes
                0x0000060b       0x2d C:/ST/STM32CubeIDE_1.18.1/STM32CubeIDE/plugins/com.st.stm32cube.ide.mcu.externaltools.gnu-tools-for-stm32.13.3.rel1.win32_1.0.0.202411081344/tools/bin/../lib/gcc/arm-none-eabi/13.3.1/../../../../arm-none-eabi/lib/thumb/v7-m/nofp\libc_nano.a(libc_a-malloc.o)
 .ARM.attributes
                0x00000638       0x2d C:/ST/STM32CubeIDE_1.18.1/STM32CubeIDE/plugins/com.st.stm32cube.ide.mcu.externaltools.gnu-tools-for-stm32.13.3.rel1.win32_1.0.0.202411081344/tools/bin/../lib/gcc/arm-none-eabi/13.3.1/../../../../arm-none-eabi/lib/thumb/v7-m/nofp\libc_nano.a(libc_a-mallocr.o)
 .ARM.attributes
                0x00000665       0x2d C:/ST/STM32CubeIDE_1.18.1/STM32CubeIDE/plugins/com.st.stm32cube.ide.mcu.externaltools.gnu-tools-for-stm32.13.3.rel1.win32_1.0.0.202411081344/tools/bin/../lib/gcc/arm-none-eabi/13.3.1/../../../../arm-none-eabi/lib/thumb/v7-m/nofp\libc_nano.a(libc_a-mlock.o)
 .ARM.attributes
                0x00000692       0x2d C:/ST/STM32CubeIDE_1.18.1/STM32CubeIDE/plugins/com.st.stm32cube.ide.mcu.externaltools.gnu-tools-for-stm32.13.3.rel1.win32_1.0.0.202411081344/tools/bin/../lib/gcc/arm-none-eabi/13.3.1/../../../../arm-none-eabi/lib/thumb/v7-m/nofp\libc_nano.a(libc_a-fflush.o)
 .ARM.attributes
                0x000006bf       0x2d C:/ST/STM32CubeIDE_1.18.1/STM32CubeIDE/plugins/com.st.stm32cube.ide.mcu.externaltools.gnu-tools-for-stm32.13.3.rel1.win32_1.0.0.202411081344/tools/bin/../lib/gcc/arm-none-eabi/13.3.1/../../../../arm-none-eabi/lib/thumb/v7-m/nofp\libc_nano.a(libc_a-findfp.o)
 .ARM.attributes
                0x000006ec       0x2d C:/ST/STM32CubeIDE_1.18.1/STM32CubeIDE/plugins/com.st.stm32cube.ide.mcu.externaltools.gnu-tools-for-stm32.13.3.rel1.win32_1.0.0.202411081344/tools/bin/../lib/gcc/arm-none-eabi/13.3.1/../../../../arm-none-eabi/lib/thumb/v7-m/nofp\libc_nano.a(libc_a-fwalk.o)
 .ARM.attributes
                0x00000719       0x2d C:/ST/STM32CubeIDE_1.18.1/STM32CubeIDE/plugins/com.st.stm32cube.ide.mcu.externaltools.gnu-tools-for-stm32.13.3.rel1.win32_1.0.0.202411081344/tools/bin/../lib/gcc/arm-none-eabi/13.3.1/../../../../arm-none-eabi/lib/thumb/v7-m/nofp\libc_nano.a(libc_a-printf.o)
 .ARM.attributes
                0x00000746       0x2d C:/ST/STM32CubeIDE_1.18.1/STM32CubeIDE/plugins/com.st.stm32cube.ide.mcu.externaltools.gnu-tools-for-stm32.13.3.rel1.win32_1.0.0.202411081344/tools/bin/../lib/gcc/arm-none-eabi/13.3.1/../../../../arm-none-eabi/lib/thumb/v7-m/nofp\libc_nano.a(libc_a-puts.o)
 .ARM.attributes
                0x00000773       0x2d C:/ST/STM32CubeIDE_1.18.1/STM32CubeIDE/plugins/com.st.stm32cube.ide.mcu.externaltools.gnu-tools-for-stm32.13.3.rel1.win32_1.0.0.202411081344/tools/bin/../lib/gcc/arm-none-eabi/13.3.1/../../../../arm-none-eabi/lib/thumb/v7-m/nofp\libc_nano.a(libc_a-stdio.o)
 .ARM.attributes
                0x000007a0       0x2d C:/ST/STM32CubeIDE_1.18.1/STM32CubeIDE/plugins/com.st.stm32cube.ide.mcu.externaltools.gnu-tools-for-stm32.13.3.rel1.win32_1.0.0.202411081344/tools/bin/../lib/gcc/arm-none-eabi/13.3.1/../../../../arm-none-eabi/lib/thumb/v7-m/nofp\libc_nano.a(libc_a-wbuf.o)
 .ARM.attributes
                0x000007cd       0x2d C:/ST/STM32CubeIDE_1.18.1/STM32CubeIDE/plugins/com.st.stm32cube.ide.mcu.externaltools.gnu-tools-for-stm32.13.3.rel1.win32_1.0.0.202411081344/tools/bin/../lib/gcc/arm-none-eabi/13.3.1/../../../../arm-none-eabi/lib/thumb/v7-m/nofp\libc_nano.a(libc_a-wsetup.o)
 .ARM.attributes
                0x000007fa       0x2d C:/ST/STM32CubeIDE_1.18.1/STM32CubeIDE/plugins/com.st.stm32cube.ide.mcu.externaltools.gnu-tools-for-stm32.13.3.rel1.win32_1.0.0.202411081344/tools/bin/../lib/gcc/arm-none-eabi/13.3.1/../../../../arm-none-eabi/lib/thumb/v7-m/nofp\libc_nano.a(libc_a-memmove.o)
 .ARM.attributes
                0x00000827       0x2d C:/ST/STM32CubeIDE_1.18.1/STM32CubeIDE/plugins/com.st.stm32cube.ide.mcu.externaltools.gnu-tools-for-stm32.13.3.rel1.win32_1.0.0.202411081344/tools/bin/../lib/gcc/arm-none-eabi/13.3.1/../../../../arm-none-eabi/lib/thumb/v7-m/nofp\libc_nano.a(libc_a-memset.o)
 .ARM.attributes
                0x00000854       0x2d C:/ST/STM32CubeIDE_1.18.1/STM32CubeIDE/plugins/com.st.stm32cube.ide.mcu.externaltools.gnu-tools-for-stm32.13.3.rel1.win32_1.0.0.202411081344/tools/bin/../lib/gcc/arm-none-eabi/13.3.1/../../../../arm-none-eabi/lib/thumb/v7-m/nofp\libc_nano.a(libc_a-closer.o)
 .ARM.attributes
                0x00000881       0x2d C:/ST/STM32CubeIDE_1.18.1/STM32CubeIDE/plugins/com.st.stm32cube.ide.mcu.externaltools.gnu-tools-for-stm32.13.3.rel1.win32_1.0.0.202411081344/tools/bin/../lib/gcc/arm-none-eabi/13.3.1/../../../../arm-none-eabi/lib/thumb/v7-m/nofp\libc_nano.a(libc_a-reent.o)
 .ARM.attributes
                0x000008ae       0x2d C:/ST/STM32CubeIDE_1.18.1/STM32CubeIDE/plugins/com.st.stm32cube.ide.mcu.externaltools.gnu-tools-for-stm32.13.3.rel1.win32_1.0.0.202411081344/tools/bin/../lib/gcc/arm-none-eabi/13.3.1/../../../../arm-none-eabi/lib/thumb/v7-m/nofp\libc_nano.a(libc_a-impure.o)
 .ARM.attributes
                0x000008db       0x2d C:/ST/STM32CubeIDE_1.18.1/STM32CubeIDE/plugins/com.st.stm32cube.ide.mcu.externaltools.gnu-tools-for-stm32.13.3.rel1.win32_1.0.0.202411081344/tools/bin/../lib/gcc/arm-none-eabi/13.3.1/../../../../arm-none-eabi/lib/thumb/v7-m/nofp\libc_nano.a(libc_a-lseekr.o)
 .ARM.attributes
                0x00000908       0x2d C:/ST/STM32CubeIDE_1.18.1/STM32CubeIDE/plugins/com.st.stm32cube.ide.mcu.externaltools.gnu-tools-for-stm32.13.3.rel1.win32_1.0.0.202411081344/tools/bin/../lib/gcc/arm-none-eabi/13.3.1/../../../../arm-none-eabi/lib/thumb/v7-m/nofp\libc_nano.a(libc_a-readr.o)
 .ARM.attributes
                0x00000935       0x2d C:/ST/STM32CubeIDE_1.18.1/STM32CubeIDE/plugins/com.st.stm32cube.ide.mcu.externaltools.gnu-tools-for-stm32.13.3.rel1.win32_1.0.0.202411081344/tools/bin/../lib/gcc/arm-none-eabi/13.3.1/../../../../arm-none-eabi/lib/thumb/v7-m/nofp\libc_nano.a(libc_a-sbrkr.o)
 .ARM.attributes
                0x00000962       0x2d C:/ST/STM32CubeIDE_1.18.1/STM32CubeIDE/plugins/com.st.stm32cube.ide.mcu.externaltools.gnu-tools-for-stm32.13.3.rel1.win32_1.0.0.202411081344/tools/bin/../lib/gcc/arm-none-eabi/13.3.1/../../../../arm-none-eabi/lib/thumb/v7-m/nofp\libc_nano.a(libc_a-writer.o)
 .ARM.attributes
                0x0000098f       0x2d C:/ST/STM32CubeIDE_1.18.1/STM32CubeIDE/plugins/com.st.stm32cube.ide.mcu.externaltools.gnu-tools-for-stm32.13.3.rel1.win32_1.0.0.202411081344/tools/bin/../lib/gcc/arm-none-eabi/13.3.1/../../../../arm-none-eabi/lib/thumb/v7-m/nofp\libc_nano.a(libc_a-errno.o)
 .ARM.attributes
                0x000009bc       0x2d C:/ST/STM32CubeIDE_1.18.1/STM32CubeIDE/plugins/com.st.stm32cube.ide.mcu.externaltools.gnu-tools-for-stm32.13.3.rel1.win32_1.0.0.202411081344/tools/bin/../lib/gcc/arm-none-eabi/13.3.1/../../../../arm-none-eabi/lib/thumb/v7-m/nofp\libc_nano.a(libc_a-init.o)
 .ARM.attributes
                0x000009e9       0x2d C:/ST/STM32CubeIDE_1.18.1/STM32CubeIDE/plugins/com.st.stm32cube.ide.mcu.externaltools.gnu-tools-for-stm32.13.3.rel1.win32_1.0.0.202411081344/tools/bin/../lib/gcc/arm-none-eabi/13.3.1/../../../../arm-none-eabi/lib/thumb/v7-m/nofp\libc_nano.a(libc_a-lock.o)
 .ARM.attributes
                0x00000a16       0x2d C:/ST/STM32CubeIDE_1.18.1/STM32CubeIDE/plugins/com.st.stm32cube.ide.mcu.externaltools.gnu-tools-for-stm32.13.3.rel1.win32_1.0.0.202411081344/tools/bin/../lib/gcc/arm-none-eabi/13.3.1/../../../../arm-none-eabi/lib/thumb/v7-m/nofp\libc_nano.a(libc_a-memcpy-stub.o)
 .ARM.attributes
                0x00000a43       0x17 C:/ST/STM32CubeIDE_1.18.1/STM32CubeIDE/plugins/com.st.stm32cube.ide.mcu.externaltools.gnu-tools-for-stm32.13.3.rel1.win32_1.0.0.202411081344/tools/bin/../lib/gcc/arm-none-eabi/13.3.1/../../../../arm-none-eabi/lib/thumb/v7-m/nofp\libc_nano.a(libc_a-strlen.o)
 .ARM.attributes
                0x00000a5a       0x2d C:/ST/STM32CubeIDE_1.18.1/STM32CubeIDE/plugins/com.st.stm32cube.ide.mcu.externaltools.gnu-tools-for-stm32.13.3.rel1.win32_1.0.0.202411081344/tools/bin/../lib/gcc/arm-none-eabi/13.3.1/../../../../arm-none-eabi/lib/thumb/v7-m/nofp\libc_nano.a(libc_a-freer.o)
 .ARM.attributes
                0x00000a87       0x2d C:/ST/STM32CubeIDE_1.18.1/STM32CubeIDE/plugins/com.st.stm32cube.ide.mcu.externaltools.gnu-tools-for-stm32.13.3.rel1.win32_1.0.0.202411081344/tools/bin/../lib/gcc/arm-none-eabi/13.3.1/../../../../arm-none-eabi/lib/thumb/v7-m/nofp\libc_nano.a(libc_a-nano-vfprintf.o)
 .ARM.attributes
                0x00000ab4       0x2d C:/ST/STM32CubeIDE_1.18.1/STM32CubeIDE/plugins/com.st.stm32cube.ide.mcu.externaltools.gnu-tools-for-stm32.13.3.rel1.win32_1.0.0.202411081344/tools/bin/../lib/gcc/arm-none-eabi/13.3.1/../../../../arm-none-eabi/lib/thumb/v7-m/nofp\libc_nano.a(libc_a-nano-vfprintf_i.o)
 .ARM.attributes
                0x00000ae1       0x2d C:/ST/STM32CubeIDE_1.18.1/STM32CubeIDE/plugins/com.st.stm32cube.ide.mcu.externaltools.gnu-tools-for-stm32.13.3.rel1.win32_1.0.0.202411081344/tools/bin/../lib/gcc/arm-none-eabi/13.3.1/../../../../arm-none-eabi/lib/thumb/v7-m/nofp\libc_nano.a(libc_a-makebuf.o)
 .ARM.attributes
                0x00000b0e       0x2d C:/ST/STM32CubeIDE_1.18.1/STM32CubeIDE/plugins/com.st.stm32cube.ide.mcu.externaltools.gnu-tools-for-stm32.13.3.rel1.win32_1.0.0.202411081344/tools/bin/../lib/gcc/arm-none-eabi/13.3.1/../../../../arm-none-eabi/lib/thumb/v7-m/nofp\libc_nano.a(libc_a-fstatr.o)
 .ARM.attributes
                0x00000b3b       0x2d C:/ST/STM32CubeIDE_1.18.1/STM32CubeIDE/plugins/com.st.stm32cube.ide.mcu.externaltools.gnu-tools-for-stm32.13.3.rel1.win32_1.0.0.202411081344/tools/bin/../lib/gcc/arm-none-eabi/13.3.1/../../../../arm-none-eabi/lib/thumb/v7-m/nofp\libc_nano.a(libc_a-isattyr.o)
 .ARM.attributes
                0x00000b68       0x2d C:/ST/STM32CubeIDE_1.18.1/STM32CubeIDE/plugins/com.st.stm32cube.ide.mcu.externaltools.gnu-tools-for-stm32.13.3.rel1.win32_1.0.0.202411081344/tools/bin/../lib/gcc/arm-none-eabi/13.3.1/../../../../arm-none-eabi/lib/thumb/v7-m/nofp\libc_nano.a(libc_a-memchr-stub.o)
 .ARM.attributes
                0x00000b95       0x1d C:/ST/STM32CubeIDE_1.18.1/STM32CubeIDE/plugins/com.st.stm32cube.ide.mcu.externaltools.gnu-tools-for-stm32.13.3.rel1.win32_1.0.0.202411081344/tools/bin/../lib/gcc/arm-none-eabi/13.3.1/thumb/v7-m/nofp/crtn.o
OUTPUT(CANOpen_stm32f103rct6.elf elf32-littlearm)
LOAD linker stubs
LOAD C:/ST/STM32CubeIDE_1.18.1/STM32CubeIDE/plugins/com.st.stm32cube.ide.mcu.externaltools.gnu-tools-for-stm32.13.3.rel1.win32_1.0.0.202411081344/tools/bin/../lib/gcc/arm-none-eabi/13.3.1/../../../../arm-none-eabi/lib/thumb/v7-m/nofp\libc.a
LOAD C:/ST/STM32CubeIDE_1.18.1/STM32CubeIDE/plugins/com.st.stm32cube.ide.mcu.externaltools.gnu-tools-for-stm32.13.3.rel1.win32_1.0.0.202411081344/tools/bin/../lib/gcc/arm-none-eabi/13.3.1/../../../../arm-none-eabi/lib/thumb/v7-m/nofp\libm.a
LOAD C:/ST/STM32CubeIDE_1.18.1/STM32CubeIDE/plugins/com.st.stm32cube.ide.mcu.externaltools.gnu-tools-for-stm32.13.3.rel1.win32_1.0.0.202411081344/tools/bin/../lib/gcc/arm-none-eabi/13.3.1/thumb/v7-m/nofp\libgcc.a

.debug_info     0x00000000    0x1d14a
 .debug_info    0x00000000      0xde4 ./CANopenNode/301/CO_Emergency.o
 .debug_info    0x00000de4      0xe09 ./CANopenNode/301/CO_HBconsumer.o
 .debug_info    0x00001bed      0xdd8 ./CANopenNode/301/CO_NMT_Heartbeat.o
 .debug_info    0x000029c5      0xa71 ./CANopenNode/301/CO_ODinterface.o
 .debug_info    0x00003436     0x1ca2 ./CANopenNode/301/CO_PDO.o
 .debug_info    0x000050d8     0x1811 ./CANopenNode/301/CO_SDOserver.o
 .debug_info    0x000068e9      0xed1 ./CANopenNode/301/CO_SYNC.o
 .debug_info    0x000077ba      0xab9 ./CANopenNode/301/CO_TIME.o
 .debug_info    0x00008273      0x3ad ./CANopenNode/303/CO_LEDs.o
 .debug_info    0x00008620      0xa71 ./CANopenNode/305/CO_LSSslave.o
 .debug_info    0x00009091     0x206d ./CANopenNode/CANopen.o
 .debug_info    0x0000b0fe     0x3140 ./CANopenNode_STM32/CO_app_STM32.o
 .debug_info    0x0000e23e     0x26f7 ./CANopenNode_STM32/CO_driver_STM32.o
 .debug_info    0x00010935     0x109c ./CANopenNode_STM32/OD.o
 .debug_info    0x000119d1      0x958 ./Core/Src/can.o
 .debug_info    0x00012329      0x169 ./Core/Src/gpio.o
 .debug_info    0x00012492     0x1f48 ./Core/Src/main.o
 .debug_info    0x000143da      0x1f1 ./Core/Src/stm32f1xx_hal_msp.o
 .debug_info    0x000145cb      0xaa0 ./Core/Src/stm32f1xx_it.o
 .debug_info    0x0001506b      0x6a3 ./Core/Src/syscalls.o
 .debug_info    0x0001570e      0x168 ./Core/Src/sysmem.o
 .debug_info    0x00015876      0x222 ./Core/Src/system_stm32f1xx.o
 .debug_info    0x00015a98      0x9a8 ./Core/Src/tim.o
 .debug_info    0x00016440       0x30 ./Core/Startup/startup_stm32f103rctx.o
 .debug_info    0x00016470      0x76a ./Drivers/STM32F1xx_HAL_Driver/Src/stm32f1xx_hal.o
 .debug_info    0x00016bda      0xf0f ./Drivers/STM32F1xx_HAL_Driver/Src/stm32f1xx_hal_can.o
 .debug_info    0x00017ae9      0xaed ./Drivers/STM32F1xx_HAL_Driver/Src/stm32f1xx_hal_cortex.o
 .debug_info    0x000185d6      0x5ab ./Drivers/STM32F1xx_HAL_Driver/Src/stm32f1xx_hal_gpio.o
 .debug_info    0x00018b81      0x7d5 ./Drivers/STM32F1xx_HAL_Driver/Src/stm32f1xx_hal_rcc.o
 .debug_info    0x00019356     0x2959 ./Drivers/STM32F1xx_HAL_Driver/Src/stm32f1xx_hal_tim.o
 .debug_info    0x0001bcaf     0x149b ./Drivers/STM32F1xx_HAL_Driver/Src/stm32f1xx_hal_tim_ex.o

.debug_abbrev   0x00000000     0x46ff
 .debug_abbrev  0x00000000      0x344 ./CANopenNode/301/CO_Emergency.o
 .debug_abbrev  0x00000344      0x2d2 ./CANopenNode/301/CO_HBconsumer.o
 .debug_abbrev  0x00000616      0x275 ./CANopenNode/301/CO_NMT_Heartbeat.o
 .debug_abbrev  0x0000088b      0x25d ./CANopenNode/301/CO_ODinterface.o
 .debug_abbrev  0x00000ae8      0x357 ./CANopenNode/301/CO_PDO.o
 .debug_abbrev  0x00000e3f      0x37f ./CANopenNode/301/CO_SDOserver.o
 .debug_abbrev  0x000011be      0x2c5 ./CANopenNode/301/CO_SYNC.o
 .debug_abbrev  0x00001483      0x291 ./CANopenNode/301/CO_TIME.o
 .debug_abbrev  0x00001714      0x152 ./CANopenNode/303/CO_LEDs.o
 .debug_abbrev  0x00001866      0x251 ./CANopenNode/305/CO_LSSslave.o
 .debug_abbrev  0x00001ab7      0x364 ./CANopenNode/CANopen.o
 .debug_abbrev  0x00001e1b      0x422 ./CANopenNode_STM32/CO_app_STM32.o
 .debug_abbrev  0x0000223d      0x40d ./CANopenNode_STM32/CO_driver_STM32.o
 .debug_abbrev  0x0000264a      0x1a1 ./CANopenNode_STM32/OD.o
 .debug_abbrev  0x000027eb      0x220 ./Core/Src/can.o
 .debug_abbrev  0x00002a0b       0xc6 ./Core/Src/gpio.o
 .debug_abbrev  0x00002ad1      0x2ea ./Core/Src/main.o
 .debug_abbrev  0x00002dbb       0xdb ./Core/Src/stm32f1xx_hal_msp.o
 .debug_abbrev  0x00002e96      0x1d7 ./Core/Src/stm32f1xx_it.o
 .debug_abbrev  0x0000306d      0x1b6 ./Core/Src/syscalls.o
 .debug_abbrev  0x00003223       0xbc ./Core/Src/sysmem.o
 .debug_abbrev  0x000032df      0x13f ./Core/Src/system_stm32f1xx.o
 .debug_abbrev  0x0000341e      0x20c ./Core/Src/tim.o
 .debug_abbrev  0x0000362a       0x24 ./Core/Startup/startup_stm32f103rctx.o
 .debug_abbrev  0x0000364e      0x201 ./Drivers/STM32F1xx_HAL_Driver/Src/stm32f1xx_hal.o
 .debug_abbrev  0x0000384f      0x242 ./Drivers/STM32F1xx_HAL_Driver/Src/stm32f1xx_hal_can.o
 .debug_abbrev  0x00003a91      0x2f8 ./Drivers/STM32F1xx_HAL_Driver/Src/stm32f1xx_hal_cortex.o
 .debug_abbrev  0x00003d89      0x1ca ./Drivers/STM32F1xx_HAL_Driver/Src/stm32f1xx_hal_gpio.o
 .debug_abbrev  0x00003f53      0x2b3 ./Drivers/STM32F1xx_HAL_Driver/Src/stm32f1xx_hal_rcc.o
 .debug_abbrev  0x00004206      0x277 ./Drivers/STM32F1xx_HAL_Driver/Src/stm32f1xx_hal_tim.o
 .debug_abbrev  0x0000447d      0x282 ./Drivers/STM32F1xx_HAL_Driver/Src/stm32f1xx_hal_tim_ex.o

.debug_aranges  0x00000000     0x1160
 .debug_aranges
                0x00000000       0x78 ./CANopenNode/301/CO_Emergency.o
 .debug_aranges
                0x00000078       0x60 ./CANopenNode/301/CO_HBconsumer.o
 .debug_aranges
                0x000000d8       0x68 ./CANopenNode/301/CO_NMT_Heartbeat.o
 .debug_aranges
                0x00000140       0x68 ./CANopenNode/301/CO_ODinterface.o
 .debug_aranges
                0x000001a8       0xd0 ./CANopenNode/301/CO_PDO.o
 .debug_aranges
                0x00000278       0x88 ./CANopenNode/301/CO_SDOserver.o
 .debug_aranges
                0x00000300       0x78 ./CANopenNode/301/CO_SYNC.o
 .debug_aranges
                0x00000378       0x60 ./CANopenNode/301/CO_TIME.o
 .debug_aranges
                0x000003d8       0x28 ./CANopenNode/303/CO_LEDs.o
 .debug_aranges
                0x00000400       0x48 ./CANopenNode/305/CO_LSSslave.o
 .debug_aranges
                0x00000448       0x90 ./CANopenNode/CANopen.o
 .debug_aranges
                0x000004d8       0x38 ./CANopenNode_STM32/CO_app_STM32.o
 .debug_aranges
                0x00000510       0xa0 ./CANopenNode_STM32/CO_driver_STM32.o
 .debug_aranges
                0x000005b0       0x18 ./CANopenNode_STM32/OD.o
 .debug_aranges
                0x000005c8       0x30 ./Core/Src/can.o
 .debug_aranges
                0x000005f8       0x20 ./Core/Src/gpio.o
 .debug_aranges
                0x00000618       0x30 ./Core/Src/main.o
 .debug_aranges
                0x00000648       0x20 ./Core/Src/stm32f1xx_hal_msp.o
 .debug_aranges
                0x00000668       0x78 ./Core/Src/stm32f1xx_it.o
 .debug_aranges
                0x000006e0       0xa8 ./Core/Src/syscalls.o
 .debug_aranges
                0x00000788       0x20 ./Core/Src/sysmem.o
 .debug_aranges
                0x000007a8       0x28 ./Core/Src/system_stm32f1xx.o
 .debug_aranges
                0x000007d0       0x30 ./Core/Src/tim.o
 .debug_aranges
                0x00000800       0x28 ./Core/Startup/startup_stm32f103rctx.o
 .debug_aranges
                0x00000828       0xe0 ./Drivers/STM32F1xx_HAL_Driver/Src/stm32f1xx_hal.o
 .debug_aranges
                0x00000908      0x138 ./Drivers/STM32F1xx_HAL_Driver/Src/stm32f1xx_hal_can.o
 .debug_aranges
                0x00000a40      0x100 ./Drivers/STM32F1xx_HAL_Driver/Src/stm32f1xx_hal_cortex.o
 .debug_aranges
                0x00000b40       0x58 ./Drivers/STM32F1xx_HAL_Driver/Src/stm32f1xx_hal_gpio.o
 .debug_aranges
                0x00000b98       0x90 ./Drivers/STM32F1xx_HAL_Driver/Src/stm32f1xx_hal_rcc.o
 .debug_aranges